Product: MDK-ARM Basic 5.10
Component: ARM Compiler 5.04 update 1 (build 49)
Tool: armlink [5040049]

==============================================================================

Section Cross References

    main.o(.text) refers to malloc.o(.text) for mymemset
    main.o(.text) refers to ff.o(.text) for f_gets
    main.o(.text) refers to printfa.o(i.__0printf) for __2printf
    main.o(.text) refers to lcd.o(.text) for LCD_Clear
    main.o(.text) refers to dflti.o(.text) for __aeabi_i2d
    main.o(.text) refers to dadd.o(.text) for __aeabi_dsub
    main.o(.text) refers to dfixui.o(.text) for __aeabi_d2uiz
    main.o(.text) refers to key.o(.text) for KEY_Scan
    main.o(.text) refers to main.o(.data) for str
    main.o(.text) refers to lcd.o(.bss) for lcddev
    main.o(.text) refers to lcd.o(.data) for POINT_COLOR
    main.o(.text) refers to fattester.o(.text) for mf_select_file
    main.o(.text) refers to sys.o(.text) for NVIC_Configuration
    main.o(.text) refers to delay.o(.text) for delay_init
    main.o(.text) refers to usart.o(.text) for uart_init
    main.o(.text) refers to exfuns.o(.text) for exfuns_init
    main.o(.text) refers to led.o(.text) for LED_Init
    main.o(.text) refers to driverinterface.o(.text) for driver_GPIOInit1
    main.o(.text) refers to mmc_sd.o(.text) for SD_Initialize
    main.o(.text) refers to memseta.o(.text) for __aeabi_memclr4
    main.o(.text) refers to exfuns.o(.data) for fs
    main.o(.text) refers to strcpy.o(.text) for strcpy
    main.o(.text) refers to strcat.o(.text) for strcat
    main.o(.text) refers to malloc.o(i.malloc) for malloc
    main.o(.text) refers to interpolation.o(.text) for decode
    main.o(.text) refers to main.o(.bss) for m_file
    main.o(.text) refers to main.o(.conststring) for .conststring
    system_stm32f10x.o(.text) refers to system_stm32f10x.o(.data) for SystemCoreClock
    led.o(.text) refers to stm32f10x_rcc.o(.text) for RCC_APB2PeriphClockCmd
    led.o(.text) refers to stm32f10x_gpio.o(.text) for GPIO_Init
    lcd.o(.text) refers to stm32f10x_gpio.o(.text) for GPIO_ResetBits
    lcd.o(.text) refers to delay.o(.text) for delay_us
    lcd.o(.text) refers to lcd.o(.bss) for lcddev
    lcd.o(.text) refers to lcd.o(.data) for POINT_COLOR
    lcd.o(.text) refers to stm32f10x_rcc.o(.text) for RCC_APB2PeriphClockCmd
    lcd.o(.text) refers to printfa.o(i.__0printf) for __2printf
    lcd.o(.text) refers to lcd.o(.constdata) for asc2_1206
    key.o(.text) refers to stm32f10x_rcc.o(.text) for RCC_APB2PeriphClockCmd
    key.o(.text) refers to stm32f10x_gpio.o(.text) for GPIO_PinRemapConfig
    key.o(.text) refers to delay.o(.text) for delay_ms
    key.o(.text) refers to key.o(.data) for key_up
    spi.o(.text) refers to stm32f10x_spi.o(.text) for SPI_I2S_GetFlagStatus
    spi.o(.text) refers to stm32f10x_rcc.o(.text) for RCC_APB2PeriphClockCmd
    spi.o(.text) refers to stm32f10x_gpio.o(.text) for GPIO_Init
    spi.o(.text) refers to spi.o(.bss) for SPI_InitStructure
    mmc_sd.o(.text) refers to spi.o(.text) for SPI1_ReadWriteByte
    mmc_sd.o(.text) refers to stm32f10x_rcc.o(.text) for RCC_APB2PeriphClockCmd
    mmc_sd.o(.text) refers to stm32f10x_gpio.o(.text) for GPIO_Init
    mmc_sd.o(.text) refers to printfa.o(i.__0printf) for __2printf
    mmc_sd.o(.text) refers to mmc_sd.o(.data) for SD_Type
    delay.o(.text) refers to misc.o(.text) for SysTick_CLKSourceConfig
    delay.o(.text) refers to system_stm32f10x.o(.data) for SystemCoreClock
    delay.o(.text) refers to delay.o(.data) for fac_us
    sys.o(.text) refers to misc.o(.text) for NVIC_PriorityGroupConfig
    usart.o(.text) refers to stm32f10x_rcc.o(.text) for RCC_APB2PeriphClockCmd
    usart.o(.text) refers to stm32f10x_usart.o(.text) for USART_DeInit
    usart.o(.text) refers to stm32f10x_gpio.o(.text) for GPIO_Init
    usart.o(.text) refers to misc.o(.text) for NVIC_Init
    usart.o(.text) refers to usart.o(.data) for USART_RX_STA
    usart.o(.text) refers to usart.o(.bss) for USART_RX_BUF
    startup_stm32f10x_md.o(RESET) refers to startup_stm32f10x_md.o(STACK) for __initial_sp
    startup_stm32f10x_md.o(RESET) refers to startup_stm32f10x_md.o(.text) for Reset_Handler
    startup_stm32f10x_md.o(RESET) refers to stm32f10x_it.o(.text) for NMI_Handler
    startup_stm32f10x_md.o(RESET) refers to driverinterface.o(.text) for EXTI2_IRQHandler
    startup_stm32f10x_md.o(RESET) refers to usart.o(.text) for USART1_IRQHandler
    startup_stm32f10x_md.o(.text) refers to system_stm32f10x.o(.text) for SystemInit
    startup_stm32f10x_md.o(.text) refers to entry.o(.ARM.Collect$$$$00000000) for __main
    stm32f10x_gpio.o(.text) refers to stm32f10x_rcc.o(.text) for RCC_APB2PeriphResetCmd
    stm32f10x_rcc.o(.text) refers to stm32f10x_rcc.o(.data) for APBAHBPrescTable
    stm32f10x_usart.o(.text) refers to stm32f10x_rcc.o(.text) for RCC_APB2PeriphResetCmd
    stm32f10x_spi.o(.text) refers to stm32f10x_rcc.o(.text) for RCC_APB2PeriphResetCmd
[...]
    main.c                                   0x00000000   Number         0  main.o ABSOLUTE
    stm32f10x_it.c                           0x00000000   Number         0  stm32f10x_it.o ABSOLUTE
    system_stm32f10x.c                       0x00000000   Number         0  system_stm32f10x.o ABSOLUTE
    RESET                                    0x08000000   Section      236  startup_stm32f10x_md.o(RESET)
    .ARM.Collect$$$$00000000                 0x080000ec   Section        0  entry.o(.ARM.Collect$$$$00000000)
    .ARM.Collect$$$$00000001                 0x080000ec   Section        4  entry2.o(.ARM.Collect$$$$00000001)
    .ARM.Collect$$$$00000004                 0x080000f0   Section        4  entry5.o(.ARM.Collect$$$$00000004)
    .ARM.Collect$$$$00000008                 0x080000f4   Section        0  entry7b.o(.ARM.Collect$$$$00000008)
    .ARM.Collect$$$$0000000A                 0x080000f4   Section        0  entry8b.o(.ARM.Collect$$$$0000000A)
    .ARM.Collect$$$$0000000B                 0x080000f4   Section        8  entry9a.o(.ARM.Collect$$$$0000000B)
    .ARM.Collect$$$$0000000D                 0x080000fc   Section        0  entry10a.o(.ARM.Collect$$$$0000000D)
    .ARM.Collect$$$$0000000F                 0x080000fc   Section        0  entry11a.o(.ARM.Collect$$$$0000000F)
    .ARM.Collect$$$$00002712                 0x080000fc   Section        4  entry2.o(.ARM.Collect$$$$00002712)
    __lit__00000000                          0x080000fc   Data           4  entry2.o(.ARM.Collect$$$$00002712)
    .text                                    0x08000100   Section        0  main.o(.text)
    .text                                    0x08000ef4   Section        0  stm32f10x_it.o(.text)
    .text                                    0x08000f10   Section        0  system_stm32f10x.o(.text)
    SetSysClockTo72                          0x08000f11   Thumb Code   214  system_stm32f10x.o(.text)
    SetSysClock                              0x08000fe7   Thumb Code     8  system_stm32f10x.o(.text)
    .text                                    0x080010f0   Section        0  led.o(.text)
    .text                                    0x08001160   Section        0  lcd.o(.text)
    .text                                    0x08006b04   Section        0  key.o(.text)
    .text                                    0x08006bd0   Section        0  spi.o(.text)
    .text                                    0x08006cb0   Section        0  mmc_sd.o(.text)
    .text                                    0x080071f0   Section        0  delay.o(.text)
    .text                                    0x080072c4   Section        0  sys.o(.text)
    .text                                    0x080072d0   Section        0  usart.o(.text)
    .text                                    0x08007418   Section       36  startup_stm32f10x_md.o(.text)
    .text                                    0x0800743c   Section        0  stm32f10x_gpio.o(.text)
    .text                                    0x08007798   Section        0  stm32f10x_rcc.o(.text)
    .text                                    0x08007b3c   Section        0  stm32f10x_usart.o(.text)
    .text                                    0x08007f44   Section        0  misc.o(.text)
    .text                                    0x08008020   Section        0  stm32f10x_spi.o(.text)
    .text                                    0x0800832c   Section        0  stm32f10x_tim.o(.text)
    TI4_Config                               0x080087d3   Thumb Code   130  stm32f10x_tim.o(.text)
    TI3_Config                               0x08008867   Thumb Code   122  stm32f10x_tim.o(.text)
    TI2_Config                               0x080088fb   Thumb Code   130  stm32f10x_tim.o(.text)
    TI1_Config                               0x0800898f   Thumb Code   108  stm32f10x_tim.o(.text)
    .text                                    0x08009148   Section        0  stm32f10x_exti.o(.text)
    .text                                    0x08009264   Section        0  malloc.o(.text)
    .text                                    0x080093f8   Section        0  ff.o(.text)
    mem_cpy                                  0x080093f9   Thumb Code    26  ff.o(.text)
    mem_set                                  0x08009413   Thumb Code    20  ff.o(.text)
    mem_cmp                                  0x08009427   Thumb Code    38  ff.o(.text)
    chk_chr                                  0x0800944d   Thumb Code    20  ff.o(.text)
    sync_window                              0x08009461   Thumb Code    76  ff.o(.text)
    move_window                              0x080094ad   Thumb Code    50  ff.o(.text)
    sync_fs                                  0x080094df   Thumb Code   200  ff.o(.text)
    remove_chain                             0x080097df   Thumb Code   108  ff.o(.text)
    create_chain                             0x0800984b   Thumb Code   214  ff.o(.text)
    clmt_clust                               0x08009921   Thumb Code    50  ff.o(.text)
    dir_sdi                                  0x08009953   Thumb Code   158  ff.o(.text)
    dir_next                                 0x080099f1   Thumb Code   272  ff.o(.text)
    dir_alloc                                0x08009b01   Thumb Code    92  ff.o(.text)
    ld_clust                                 0x08009b5d   Thumb Code    32  ff.o(.text)
    st_clust                                 0x08009b7d   Thumb Code    16  ff.o(.text)
    dir_find                                 0x08009b8d   Thumb Code    92  ff.o(.text)
    dir_read                                 0x08009be9   Thumb Code   110  ff.o(.text)
    dir_register                             0x08009c57   Thumb Code    58  ff.o(.text)
    dir_remove                               0x08009c91   Thumb Code    54  ff.o(.text)
    get_fileinfo                             0x08009cc7   Thumb Code   112  ff.o(.text)
    create_name                              0x08009d37   Thumb Code   328  ff.o(.text)
    follow_path                              0x08009e7f   Thumb Code   144  ff.o(.text)
    get_ldnumber                             0x08009f0f   Thumb Code    74  ff.o(.text)
    check_fs                                 0x08009f59   Thumb Code   140  ff.o(.text)
    find_volume                              0x08009fe5   Thumb Code   910  ff.o(.text)
    validate                                 0x0800a373   Thumb Code    54  ff.o(.text)
    putc_bfd                                 0x0800bc17   Thumb Code    68  ff.o(.text)
    .text                                    0x0800bf88   Section        0  exfuns.o(.text)
    .text                                    0x0800c120   Section        0  fattester.o(.text)
    .text                                    0x0800c854   Section        0  diskio.o(.text)
    .text                                    0x0800ca04   Section        0  interpolation.o(.text)
    .text                                    0x0800dd38   Section        0  driverinterface.o(.text)
    .text                                    0x0800e754   Section        0  memseta.o(.text)
    .text                                    0x0800e778   Section        0  strcat.o(.text)
    .text                                    0x0800e790   Section        0  strchr.o(.text)
    .text                                    0x0800e7a4   Section        0  strcmp.o(.text)
    .text                                    0x0800e7c0   Section        0  strcpy.o(.text)
    .text                                    0x0800e7d2   Section        0  fmul.o(.text)
    .text                                    0x0800e836   Section        0  dadd.o(.text)
    .text                                    0x0800e984   Section        0  dmul.o(.text)
    .text                                    0x0800ea68   Section        0  ddiv.o(.text)
    .text                                    0x0800eb46   Section        0  ffltui.o(.text)
    .text                                    0x0800eb50   Section        0  dflti.o(.text)
    .text                                    0x0800eb72   Section        0  ffixi.o(.text)
    .text                                    0x0800eba4   Section        0  dfixi.o(.text)
    .text                                    0x0800ebe2   Section        0  dfixui.o(.text)
    .text                                    0x0800ec14   Section        0  f2d.o(.text)
    .text                                    0x0800ec3c   Section       40  cdrcmple.o(.text)
    .text                                    0x0800ec64   Section        0  d2f.o(.text)
    .text                                    0x0800ec9c   Section        0  uidiv.o(.text)
    .text                                    0x0800ecc8   Section        0  uldiv.o(.text)
    .text                                    0x0800ed2a   Section        0  llshl.o(.text)
    .text                                    0x0800ed48   Section        0  llushr.o(.text)
    .text                                    0x0800ed68   Section        0  llsshr.o(.text)
    .text                                    0x0800ed8c   Section        0  strtod.o(.text)
    _local_sscanf                            0x0800ed8d   Thumb Code    54  strtod.o(.text)
    .text                                    0x0800ee28   Section        0  iusefp.o(.text)
    .text                                    0x0800ee28   Section        0  fepilogue.o(.text)
    .text                                    0x0800ee96   Section        0  depilogue.o(.text)
    .text                                    0x0800ef4c   Section        0  dsqrt.o(.text)
    .text                                    0x0800efee   Section        0  dfixul.o(.text)
    .text                                    0x0800f020   Section       36  init.o(.text)
    .text                                    0x0800f044   Section        0  isspace_c.o(.text)
    .text                                    0x0800f050   Section        0  scanf_fp.o(.text)
    _fp_value                                0x0800f051   Thumb Code   256  scanf_fp.o(.text)
    .text                                    0x0800f388   Section        0  _sgetc.o(.text)
    .text                                    0x0800f3c8   Section        0  ctype_c.o(.text)
    .text                                    0x0800f3f0   Section        0  dfltul.o(.text)
    .text                                    0x0800f408   Section        0  __dczerorl2.o(.text)
    i.__0printf                              0x0800f460   Section        0  printfa.o(i.__0printf)
    i.__scatterload_copy                     0x0800f480   Section       14  handlers.o(i.__scatterload_copy)
    i.__scatterload_null                     0x0800f48e   Section        2  handlers.o(i.__scatterload_null)
    i.__scatterload_zeroinit                 0x0800f490   Section       14  handlers.o(i.__scatterload_zeroinit)
    i.__set_errno                            0x0800f4a0   Section        0  errno.o(i.__set_errno)
    i._fp_digits                             0x0800f4ac   Section        0  printfa.o(i._fp_digits)
    _fp_digits                               0x0800f4ad   Thumb Code   334  printfa.o(i._fp_digits)
    i._is_digit                              0x0800f610   Section        0  scanf_fp.o(i._is_digit)
    i._printf_core                           0x0800f620   Section        0  printfa.o(i._printf_core)
    _printf_core                             0x0800f621   Thumb Code  1744  printfa.o(i._printf_core)
    i._printf_post_padding                   0x0800fcfc   Section        0  printfa.o(i._printf_post_padding)
    _printf_post_padding                     0x0800fcfd   Thumb Code    36  printfa.o(i._printf_post_padding)
    i._printf_pre_padding                    0x0800fd20   Section        0  printfa.o(i._printf_pre_padding)
    _printf_pre_padding                      0x0800fd21   Thumb Code    46  printfa.o(i._printf_pre_padding)
    i.malloc                                 0x0800fd50   Section        0  malloc.o(i.malloc)
    i.sqrt                                   0x0800fdbc   Section        0  sqrt.o(i.sqrt)
    i.strtod                                 0x0800fe08   Section        0  strtod.o(i.strtod)
    .constdata                               0x0800fe24   Section     6080  lcd.o(.constdata)
    .constdata                               0x080115e4   Section       44  ff.o(.constdata)
    vst                                      0x080115e4   Data          22  ff.o(.constdata)
    cst                                      0x080115fa   Data          22  ff.o(.constdata)
    .constdata                               0x08011610   Section       19  interpolation.o(.constdata)
    __func__                                 0x08011610   Data          19  interpolation.o(.constdata)
    .constdata                               0x08011624   Section       16  driverinterface.o(.constdata)
    .constdata                               0x08011634   Section       64  ctype_c.o(.constdata)
    .conststring                             0x08011674   Section      144  main.o(.conststring)
    .conststring                             0x08011704   Section      100  exfuns.o(.conststring)
    .data                                    0x20000000   Section       26  main.o(.data)
    select_num                               0x20000019   Data           1  main.o(.data)
    .data                                    0x2000001c   Section       20  system_stm32f10x.o(.data)
    .data                                    0x20000030   Section        8  lcd.o(.data)
    .data                                    0x20000038   Section        1  key.o(.data)
    key_up                                   0x20000038   Data           1  key.o(.data)
    .data                                    0x20000039   Section        1  mmc_sd.o(.data)
    .data                                    0x2000003a   Section        4  delay.o(.data)
    fac_us                                   0x2000003a   Data           1  delay.o(.data)
    fac_ms                                   0x2000003c   Data           2  delay.o(.data)
    .data                                    0x20000040   Section        6  usart.o(.data)
    .data                                    0x20000046   Section       20  stm32f10x_rcc.o(.data)
    APBAHBPrescTable                         0x20000046   Data          16  stm32f10x_rcc.o(.data)
    ADCPrescTable                            0x20000056   Data           4  stm32f10x_rcc.o(.data)
    .data                                    0x2000005c   Section       20  malloc.o(.data)
    .data                                    0x20000070   Section       10  ff.o(.data)
    FatFs                                    0x20000070   Data           8  ff.o(.data)
    Fsid                                     0x20000078   Data           2  ff.o(.data)
    .data                                    0x2000007c   Section      340  exfuns.o(.data)
    .data                                    0x200001d0   Section        2  diskio.o(.data)
    .data                                    0x200001d4   Section        8  interpolation.o(.data)
    .data                                    0x200001dc   Section        8  driverinterface.o(.data)
    .data                                    0x200001e4   Section        4  mvars.o(.data)
    .data                                    0x200001e8   Section        4  mvars.o(.data)
    .data                                    0x200001ec   Section        4  errno.o(.data)
    _errno                                   0x200001ec   Data           4  errno.o(.data)
    .bss                                     0x200001f0   Section     1880  main.o(.bss)
    .bss                                     0x20000948   Section       14  lcd.o(.bss)
    .bss                                     0x20000956   Section       18  spi.o(.bss)
    .bss                                     0x20000968   Section      200  usart.o(.bss)
    .bss                                     0x20000a30   Section     1088  malloc.o(.bss)
    .bss                                     0x20000e70   Section       52  exfuns.o(.bss)
    HEAP                                     0x20000ea8   Section      512  startup_stm32f10x_md.o(HEAP)
    STACK                                    0x200010a8   Section     1024  startup_stm32f10x_md.o(STACK)

    Global Symbols

    Symbol Name                              Value     Ov Type        Size  Object(Section)

    BuildAttributes$$THM_ISAv4$P$D$K$B$S$PE$A:L22UL41UL21$X:L11$S22US41US21$IEEE1$IW$USESV6$~STKCKD$USESV7$~SHL$OTIME$ROPI$IEEEJ$EBA8$MICROLIB$REQ8$PRES8$EABIv2 0x00000000   Number         0  anon$$obj.o ABSOLUTE
    __ARM_use_no_argv                        0x00000000   Number         0  main.o ABSOLUTE
    __use_no_errno                           0x00000000   Number         0  useno.o ABSOLUTE
    __use_no_exception_handling              0x00000000   Number         0  useno.o ABSOLUTE
    __use_no_fp                              0x00000000   Number         0  useno.o ABSOLUTE
    __use_no_heap                            0x00000000   Number         0  useno.o ABSOLUTE
    __use_no_heap_region                     0x00000000   Number         0  useno.o ABSOLUTE
    __use_no_semihosting                     0x00000000   Number         0  useno.o ABSOLUTE
    __use_no_semihosting_swi                 0x00000000   Number         0  useno.o ABSOLUTE
    __use_no_signal_handling                 0x00000000   Number         0  useno.o ABSOLUTE
    _printf_a                                0x00000000   Number         0  stubs.o ABSOLUTE
    _printf_c                                0x00000000   Number         0  stubs.o ABSOLUTE
    _printf_charcount                        0x00000000   Number         0  stubs.o ABSOLUTE
    _printf_d                                0x00000000   Number         0  stubs.o ABSOLUTE
    _printf_e                                0x00000000   Number         0  stubs.o ABSOLUTE
    _printf_f                                0x00000000   Number         0  stubs.o ABSOLUTE
    _printf_flags                            0x00000000   Number         0  stubs.o ABSOLUTE
    _printf_fp_dec                           0x00000000   Number         0  stubs.o ABSOLUTE
    _printf_fp_hex                           0x00000000   Number         0  stubs.o ABSOLUTE
    _printf_g                                0x00000000   Number         0  stubs.o ABSOLUTE
    _printf_i                                0x00000000   Number         0  stubs.o ABSOLUTE
    _printf_int_dec                          0x00000000   Number         0  stubs.o ABSOLUTE
    _printf_l                                0x00000000   Number         0  stubs.o ABSOLUTE
    _printf_lc                               0x00000000   Number         0  stubs.o ABSOLUTE
    _printf_ll                               0x00000000   Number         0  stubs.o ABSOLUTE
    _printf_lld                              0x00000000   Number         0  stubs.o ABSOLUTE
    _printf_lli                              0x00000000   Number         0  stubs.o ABSOLUTE
    _printf_llo                              0x00000000   Number         0  stubs.o ABSOLUTE
    _printf_llu                              0x00000000   Number         0  stubs.o ABSOLUTE
    _printf_llx                              0x00000000   Number         0  stubs.o ABSOLUTE
    _printf_longlong_dec                     0x00000000   Number         0  stubs.o ABSOLUTE
    _printf_longlong_hex                     0x00000000   Number         0  stubs.o ABSOLUTE
    _printf_longlong_oct                     0x00000000   Number         0  stubs.o ABSOLUTE
    _printf_ls                               0x00000000   Number         0  stubs.o ABSOLUTE
    _printf_mbtowc                           0x00000000   Number         0  stubs.o ABSOLUTE
    _printf_n                                0x00000000   Number         0  stubs.o ABSOLUTE
    _printf_o                                0x00000000   Number         0  stubs.o ABSOLUTE
    _printf_p                                0x00000000   Number         0  stubs.o ABSOLUTE
    _printf_percent                          0x00000000   Number         0  stubs.o ABSOLUTE
    _printf_pre_padding                      0x00000000   Number         0  stubs.o ABSOLUTE
    _printf_return_value                     0x00000000   Number         0  stubs.o ABSOLUTE
    _printf_s                                0x00000000   Number         0  stubs.o ABSOLUTE
    _printf_sizespec                         0x00000000   Number         0  stubs.o ABSOLUTE
    _printf_str                              0x00000000   Number         0  stubs.o ABSOLUTE
    _printf_truncate_signed                  0x00000000   Number         0  stubs.o ABSOLUTE
    _printf_truncate_unsigned                0x00000000   Number         0  stubs.o ABSOLUTE
    _printf_u                                0x00000000   Number         0  stubs.o ABSOLUTE
    _printf_wc                               0x00000000   Number         0  stubs.o ABSOLUTE
    _printf_wctomb                           0x00000000   Number         0  stubs.o ABSOLUTE
    _printf_widthprec                        0x00000000   Number         0  stubs.o ABSOLUTE
    _printf_x                                0x00000000   Number         0  stubs.o ABSOLUTE
    __cpp_initialize__aeabi_                  - Undefined Weak Reference
    __cxa_finalize                            - Undefined Weak Reference
    _clock_init                               - Undefined Weak Reference
    _microlib_exit                            - Undefined Weak Reference
    __Vectors_Size                           0x000000ec   Number         0  startup_stm32f10x_md.o ABSOLUTE
    __Vectors                                0x08000000   Data           4  startup_stm32f10x_md.o(RESET)
    __Vectors_End                            0x080000ec   Data           0  startup_stm32f10x_md.o(RESET)
    __main                                   0x080000ed   Thumb Code     0  entry.o(.ARM.Collect$$$$00000000)
    _main_stk                                0x080000ed   Thumb Code     0  entry2.o(.ARM.Collect$$$$00000001)
    _main_scatterload                        0x080000f1   Thumb Code     0  entry5.o(.ARM.Collect$$$$00000004)
    __main_after_scatterload                 0x080000f5   Thumb Code     0  entry5.o(.ARM.Collect$$$$00000004)
    _main_clock                              0x080000f5   Thumb Code     0  entry7b.o(.ARM.Collect$$$$00000008)
    _main_cpp_init                           0x080000f5   Thumb Code     0  entry8b.o(.ARM.Collect$$$$0000000A)
    _main_init                               0x080000f5   Thumb Code     0  entry9a.o(.ARM.Collect$$$$0000000B)
    __rt_final_cpp                           0x080000fd   Thumb Code     0  entry10a.o(.ARM.Collect$$$$0000000D)
    __rt_final_exit                          0x080000fd   Thumb Code     0  entry11a.o(.ARM.Collect$$$$0000000F)
    getALineCode                             0x08000101   Thumb Code    56  main.o(.text)
    LCD_ShowFrame                            0x08000139   Thumb Code   736  main.o(.text)
    NC_setZoom                               0x08000419   Thumb Code   376  main.o(.text)
    select_file                              0x08000591   Thumb Code   150  main.o(.text)
    get_fileName                             0x08000627   Thumb Code    40  main.o(.text)
    printNCPara                              0x0800064f   Thumb Code   160  main.o(.text)
    printGCode_Msg                           0x080006ef   Thumb Code    86  main.o(.text)
    main                                     0x08000745   Thumb Code  1680  main.o(.text)
    NMI_Handler                              0x08000ef5   Thumb Code     2  stm32f10x_it.o(.text)
    HardFault_Handler                        0x08000ef7   Thumb Code     4  stm32f10x_it.o(.text)
    MemManage_Handler                        0x08000efb   Thumb Code     4  stm32f10x_it.o(.text)
    BusFault_Handler                         0x08000eff   Thumb Code     4  stm32f10x_it.o(.text)
    UsageFault_Handler                       0x08000f03   Thumb Code     4  stm32f10x_it.o(.text)
    SVC_Handler                              0x08000f07   Thumb Code     2  stm32f10x_it.o(.text)
    DebugMon_Handler                         0x08000f09   Thumb Code     2  stm32f10x_it.o(.text)
    PendSV_Handler                           0x08000f0b   Thumb Code     2  stm32f10x_it.o(.text)
    SysTick_Handler                          0x08000f0d   Thumb Code     2  stm32f10x_it.o(.text)
    SystemInit                               0x08000fef   Thumb Code    78  system_stm32f10x.o(.text)
    SystemCoreClockUpdate                    0x0800103d   Thumb Code   142  system_stm32f10x.o(.text)
    LED_Init                                 0x080010f1   Thumb Code    98  led.o(.text)
    LCD_WR_REG                               0x08001161   Thumb Code    60  lcd.o(.text)
    LCD_WR_DATAX                             0x0800119d   Thumb Code    60  lcd.o(.text)
    LCD_RD_DATA                              0x080011d9   Thumb Code   118  lcd.o(.text)
    LCD_WriteReg                             0x0800124f   Thumb Code    68  lcd.o(.text)
    LCD_ReadReg                              0x08001293   Thumb Code    16  lcd.o(.text)
    LCD_WriteRAM_Prepare                     0x080012a3   Thumb Code    12  lcd.o(.text)
    LCD_WriteRAM                             0x080012af   Thumb Code    60  lcd.o(.text)
    LCD_BGR2RGB                              0x080012eb   Thumb Code    26  lcd.o(.text)
    LCD_SetCursor                            0x08001305   Thumb Code   860  lcd.o(.text)
    LCD_ReadPoint                            0x08001661   Thumb Code   464  lcd.o(.text)
    LCD_DisplayOn                            0x08001831   Thumb Code    80  lcd.o(.text)
    LCD_DisplayOff                           0x08001881   Thumb Code    78  lcd.o(.text)
    LCD_Scan_Dir                             0x080018cf   Thumb Code  1514  lcd.o(.text)
    LCD_DrawPoint                            0x08001eb9   Thumb Code    76  lcd.o(.text)
    LCD_Fast_DrawPoint                       0x08001f05   Thumb Code   978  lcd.o(.text)
    LCD_Display_Dir                          0x080022d7   Thumb Code   420  lcd.o(.text)
    LCD_Set_Window                           0x0800247b   Thumb Code  1212  lcd.o(.text)
    LCD_Clear                                0x08002937   Thumb Code   164  lcd.o(.text)
    LCD_Init                                 0x080029db   Thumb Code 14876  lcd.o(.text)
    LCD_Fill                                 0x080063f7   Thumb Code   226  lcd.o(.text)
    LCD_Color_Fill                           0x080064d9   Thumb Code   140  lcd.o(.text)
    LCD_DrawLine                             0x08006565   Thumb Code   176  lcd.o(.text)
    LCD_DrawRectangle                        0x08006615   Thumb Code    80  lcd.o(.text)
    LCD_Draw_Circle                          0x08006665   Thumb Code   176  lcd.o(.text)
    LCD_ShowChar                             0x08006715   Thumb Code   272  lcd.o(.text)
    LCD_Pow                                  0x08006825   Thumb Code    22  lcd.o(.text)
    LCD_ShowNum                              0x0800683b   Thumb Code   148  lcd.o(.text)
    LCD_ShowxNum                             0x080068cf   Thumb Code   190  lcd.o(.text)
    LCD_ShowString                           0x0800698d   Thumb Code   102  lcd.o(.text)
    LCD_UpdataShow                           0x080069f3   Thumb Code   240  lcd.o(.text)
    KEY_Init                                 0x08006b05   Thumb Code    62  key.o(.text)
    KEY_Scan                                 0x08006b43   Thumb Code   126  key.o(.text)
    SPI1_ReadWriteByte                       0x08006bd1   Thumb Code    78  spi.o(.text)
    SPI1_Init                                0x08006c1f   Thumb Code   108  spi.o(.text)
    SPI1_SetSpeed                            0x08006c8b   Thumb Code    26  spi.o(.text)
    SD_SPI_ReadWriteByte                     0x08006cb1   Thumb Code    12  mmc_sd.o(.text)
    SD_SPI_SpeedLow                          0x08006cbd   Thumb Code    10  mmc_sd.o(.text)
    SD_SPI_SpeedHigh                         0x08006cc7   Thumb Code    10  mmc_sd.o(.text)
    SD_SPI_Init                              0x08006cd1   Thumb Code    56  mmc_sd.o(.text)
    SD_DisSelect                             0x08006d09   Thumb Code    16  mmc_sd.o(.text)
    SD_WaitReady                             0x08006d19   Thumb Code    34  mmc_sd.o(.text)
    SD_Select                                0x08006d3b   Thumb Code    26  mmc_sd.o(.text)
    SD_GetResponse                           0x08006d55   Thumb Code    38  mmc_sd.o(.text)
    SD_RecvData                              0x08006d7b   Thumb Code    56  mmc_sd.o(.text)
    SD_SendBlock                             0x08006db3   Thumb Code    82  mmc_sd.o(.text)
    SD_SendCmd                               0x08006e05   Thumb Code   120  mmc_sd.o(.text)
    SD_GetCID                                0x08006e7d   Thumb Code    42  mmc_sd.o(.text)
    SD_GetCSD                                0x08006ea7   Thumb Code    42  mmc_sd.o(.text)
    SD_GetSectorCount                        0x08006ed1   Thumb Code   118  mmc_sd.o(.text)
    SD_Initialize                            0x08006f47   Thumb Code   426  mmc_sd.o(.text)
    SD_ReadDisk                              0x080070f1   Thumb Code   112  mmc_sd.o(.text)
    SD_WriteDisk                             0x08007161   Thumb Code   140  mmc_sd.o(.text)
    delay_init                               0x080071f1   Thumb Code    50  delay.o(.text)
    delay_us                                 0x08007223   Thumb Code    72  delay.o(.text)
    delay_ms                                 0x0800726b   Thumb Code    72  delay.o(.text)
    NVIC_Configuration                       0x080072c5   Thumb Code    12  sys.o(.text)
    _sys_exit                                0x080072d1   Thumb Code     6  usart.o(.text)
    fputc                                    0x080072d7   Thumb Code    24  usart.o(.text)
    uart_init                                0x080072ef   Thumb Code   158  usart.o(.text)
    USART1_IRQHandler                        0x0800738d   Thumb Code   122  usart.o(.text)
    Reset_Handler                            0x08007419   Thumb Code     8  startup_stm32f10x_md.o(.text)
    ADC1_2_IRQHandler                        0x08007433   Thumb Code     0  startup_stm32f10x_md.o(.text)
    CAN1_RX1_IRQHandler                      0x08007433   Thumb Code     0  startup_stm32f10x_md.o(.text)
    CAN1_SCE_IRQHandler                      0x08007433   Thumb Code     0  startup_stm32f10x_md.o(.text)
    DMA1_Channel1_IRQHandler                 0x08007433   Thumb Code     0  startup_stm32f10x_md.o(.text)
    DMA1_Channel2_IRQHandler                 0x08007433   Thumb Code     0  startup_stm32f10x_md.o(.text)
    DMA1_Channel3_IRQHandler                 0x08007433   Thumb Code     0  startup_stm32f10x_md.o(.text)
    DMA1_Channel4_IRQHandler                 0x08007433   Thumb Code     0  startup_stm32f10x_md.o(.text)
    DMA1_Channel5_IRQHandler                 0x08007433   Thumb Code     0  startup_stm32f10x_md.o(.text)
    DMA1_Channel6_IRQHandler                 0x08007433   Thumb Code     0  startup_stm32f10x_md.o(.text)
    DMA1_Channel7_IRQHandler                 0x08007433   Thumb Code     0  startup_stm32f10x_md.o(.text)
    EXTI0_IRQHandler                         0x08007433   Thumb Code     0  startup_stm32f10x_md.o(.text)
    EXTI1_IRQHandler                         0x08007433   Thumb Code     0  startup_stm32f10x_md.o(.text)
    EXTI3_IRQHandler                         0x08007433   Thumb Code     0  startup_stm32f10x_md.o(.text)
    EXTI4_IRQHandler                         0x08007433   Thumb Code     0  startup_stm32f10x_md.o(.text)
    EXTI9_5_IRQHandler                       0x08007433   Thumb Code     0  startup_stm32f10x_md.o(.text)
    FLASH_IRQHandler                         0x08007433   Thumb Code     0  startup_stm32f10x_md.o(.text)
    I2C1_ER_IRQHandler                       0x08007433   Thumb Code     0  startup_stm32f10x_md.o(.text)
    I2C1_EV_IRQHandler                       0x08007433   Thumb Code     0  startup_stm32f10x_md.o(.text)
    I2C2_ER_IRQHandler                       0x08007433   Thumb Code     0  startup_stm32f10x_md.o(.text)
    I2C2_EV_IRQHandler                       0x08007433   Thumb Code     0  startup_stm32f10x_md.o(.text)
    PVD_IRQHandler                           0x08007433   Thumb Code     0  startup_stm32f10x_md.o(.text)
    RCC_IRQHandler                           0x08007433   Thumb Code     0  startup_stm32f10x_md.o(.text)
    RTCAlarm_IRQHandler                      0x08007433   Thumb Code     0  startup_stm32f10x_md.o(.text)
    RTC_IRQHandler                           0x08007433   Thumb Code     0  startup_stm32f10x_md.o(.text)
    SPI1_IRQHandler                          0x08007433   Thumb Code     0  startup_stm32f10x_md.o(.text)
    SPI2_IRQHandler                          0x08007433   Thumb Code     0  startup_stm32f10x_md.o(.text)
    TAMPER_IRQHandler                        0x08007433   Thumb Code     0  startup_stm32f10x_md.o(.text)
    TIM1_BRK_IRQHandler                      0x08007433   Thumb Code     0  startup_stm32f10x_md.o(.text)
    TIM1_CC_IRQHandler                       0x08007433   Thumb Code     0  startup_stm32f10x_md.o(.text)
    TIM1_TRG_COM_IRQHandler                  0x08007433   Thumb Code     0  startup_stm32f10x_md.o(.text)
    TIM1_UP_IRQHandler                       0x08007433   Thumb Code     0  startup_stm32f10x_md.o(.text)
    TIM2_IRQHandler                          0x08007433   Thumb Code     0  startup_stm32f10x_md.o(.text)
    TIM4_IRQHandler                          0x08007433   Thumb Code     0  startup_stm32f10x_md.o(.text)
    USART2_IRQHandler                        0x08007433   Thumb Code     0  startup_stm32f10x_md.o(.text)
    USART3_IRQHandler                        0x08007433   Thumb Code     0  startup_stm32f10x_md.o(.text)
    USBWakeUp_IRQHandler                     0x08007433   Thumb Code     0  startup_stm32f10x_md.o(.text)
    USB_HP_CAN1_TX_IRQHandler                0x08007433   Thumb Code     0  startup_stm32f10x_md.o(.text)
    USB_LP_CAN1_RX0_IRQHandler               0x08007433   Thumb Code     0  startup_stm32f10x_md.o(.text)
    WWDG_IRQHandler                          0x08007433   Thumb Code     0  startup_stm32f10x_md.o(.text)
    GPIO_DeInit                              0x0800743d   Thumb Code   172  stm32f10x_gpio.o(.text)
    GPIO_AFIODeInit                          0x080074e9   Thumb Code    20  stm32f10x_gpio.o(.text)
    GPIO_Init                                0x080074fd   Thumb Code   278  stm32f10x_gpio.o(.text)
    GPIO_StructInit                          0x08007613   Thumb Code    16  stm32f10x_gpio.o(.text)
    GPIO_ReadInputDataBit                    0x08007623   Thumb Code    18  stm32f10x_gpio.o(.text)
    GPIO_ReadInputData                       0x08007635   Thumb Code     8  stm32f10x_gpio.o(.text)
    GPIO_ReadOutputDataBit                   0x0800763d   Thumb Code    18  stm32f10x_gpio.o(.text)
    GPIO_ReadOutputData                      0x0800764f   Thumb Code     8  stm32f10x_gpio.o(.text)
    GPIO_SetBits                             0x08007657   Thumb Code     4  stm32f10x_gpio.o(.text)
    GPIO_ResetBits                           0x0800765b   Thumb Code     4  stm32f10x_gpio.o(.text)
    GPIO_WriteBit                            0x0800765f   Thumb Code    10  stm32f10x_gpio.o(.text)
    GPIO_Write                               0x08007669   Thumb Code     4  stm32f10x_gpio.o(.text)
    GPIO_PinLockConfig                       0x0800766d   Thumb Code    18  stm32f10x_gpio.o(.text)
    GPIO_EventOutputConfig                   0x0800767f   Thumb Code    26  stm32f10x_gpio.o(.text)
    GPIO_EventOutputCmd                      0x08007699   Thumb Code     6  stm32f10x_gpio.o(.text)
    GPIO_PinRemapConfig                      0x0800769f   Thumb Code   138  stm32f10x_gpio.o(.text)
    GPIO_EXTILineConfig                      0x08007729   Thumb Code    66  stm32f10x_gpio.o(.text)
    GPIO_ETH_MediaInterfaceConfig            0x0800776b   Thumb Code     8  stm32f10x_gpio.o(.text)
    RCC_DeInit                               0x08007799   Thumb Code    64  stm32f10x_rcc.o(.text)
    RCC_HSEConfig                            0x080077d9   Thumb Code    70  stm32f10x_rcc.o(.text)
    RCC_GetFlagStatus                        0x0800781f   Thumb Code    56  stm32f10x_rcc.o(.text)
    RCC_WaitForHSEStartUp                    0x08007857   Thumb Code    56  stm32f10x_rcc.o(.text)
    RCC_AdjustHSICalibrationValue            0x0800788f   Thumb Code    20  stm32f10x_rcc.o(.text)
    RCC_HSICmd                               0x080078a3   Thumb Code     6  stm32f10x_rcc.o(.text)
    RCC_PLLConfig                            0x080078a9   Thumb Code    24  stm32f10x_rcc.o(.text)
    RCC_PLLCmd                               0x080078c1   Thumb Code     6  stm32f10x_rcc.o(.text)
    RCC_SYSCLKConfig                         0x080078c7   Thumb Code    18  stm32f10x_rcc.o(.text)
    RCC_GetSYSCLKSource                      0x080078d9   Thumb Code    10  stm32f10x_rcc.o(.text)
    RCC_HCLKConfig                           0x080078e3   Thumb Code    18  stm32f10x_rcc.o(.text)
    RCC_PCLK1Config                          0x080078f5   Thumb Code    18  stm32f10x_rcc.o(.text)
    RCC_PCLK2Config                          0x08007907   Thumb Code    20  stm32f10x_rcc.o(.text)
    RCC_ITConfig                             0x0800791b   Thumb Code    26  stm32f10x_rcc.o(.text)
    RCC_USBCLKConfig                         0x08007935   Thumb Code     8  stm32f10x_rcc.o(.text)
    RCC_ADCCLKConfig                         0x0800793d   Thumb Code    18  stm32f10x_rcc.o(.text)
    RCC_LSEConfig                            0x0800794f   Thumb Code    50  stm32f10x_rcc.o(.text)
    RCC_LSICmd                               0x08007981   Thumb Code     6  stm32f10x_rcc.o(.text)
    RCC_RTCCLKConfig                         0x08007987   Thumb Code    12  stm32f10x_rcc.o(.text)
    RCC_RTCCLKCmd                            0x08007993   Thumb Code     8  stm32f10x_rcc.o(.text)
    RCC_GetClocksFreq                        0x0800799b   Thumb Code   192  stm32f10x_rcc.o(.text)
    RCC_AHBPeriphClockCmd                    0x08007a5b   Thumb Code    26  stm32f10x_rcc.o(.text)
    RCC_APB2PeriphClockCmd                   0x08007a75   Thumb Code    26  stm32f10x_rcc.o(.text)
    RCC_APB1PeriphClockCmd                   0x08007a8f   Thumb Code    26  stm32f10x_rcc.o(.text)
    RCC_APB2PeriphResetCmd                   0x08007aa9   Thumb Code    26  stm32f10x_rcc.o(.text)
    RCC_APB1PeriphResetCmd                   0x08007ac3   Thumb Code    26  stm32f10x_rcc.o(.text)
    RCC_BackupResetCmd                       0x08007add   Thumb Code     8  stm32f10x_rcc.o(.text)
    RCC_ClockSecuritySystemCmd               0x08007ae5   Thumb Code     6  stm32f10x_rcc.o(.text)
    RCC_MCOConfig                            0x08007aeb   Thumb Code     6  stm32f10x_rcc.o(.text)
    RCC_ClearFlag                            0x08007af1   Thumb Code    14  stm32f10x_rcc.o(.text)
    RCC_GetITStatus                          0x08007aff   Thumb Code    20  stm32f10x_rcc.o(.text)
    RCC_ClearITPendingBit                    0x08007b13   Thumb Code     6  stm32f10x_rcc.o(.text)
    USART_DeInit                             0x08007b3d   Thumb Code   134  stm32f10x_usart.o(.text)
    USART_Init                               0x08007bc3   Thumb Code   210  stm32f10x_usart.o(.text)
    USART_StructInit                         0x08007c95   Thumb Code    24  stm32f10x_usart.o(.text)
    USART_ClockInit                          0x08007cad   Thumb Code    34  stm32f10x_usart.o(.text)
    USART_ClockStructInit                    0x08007ccf   Thumb Code    12  stm32f10x_usart.o(.text)
    USART_Cmd                                0x08007cdb   Thumb Code    24  stm32f10x_usart.o(.text)
    USART_ITConfig                           0x08007cf3   Thumb Code    74  stm32f10x_usart.o(.text)
    USART_DMACmd                             0x08007d3d   Thumb Code    18  stm32f10x_usart.o(.text)
    USART_SetAddress                         0x08007d4f   Thumb Code    18  stm32f10x_usart.o(.text)
    USART_WakeUpConfig                       0x08007d61   Thumb Code    18  stm32f10x_usart.o(.text)
    USART_ReceiverWakeUpCmd                  0x08007d73   Thumb Code    24  stm32f10x_usart.o(.text)
    USART_LINBreakDetectLengthConfig         0x08007d8b   Thumb Code    18  stm32f10x_usart.o(.text)
    USART_LINCmd                             0x08007d9d   Thumb Code    24  stm32f10x_usart.o(.text)
    USART_SendData                           0x08007db5   Thumb Code     8  stm32f10x_usart.o(.text)
    USART_ReceiveData                        0x08007dbd   Thumb Code    10  stm32f10x_usart.o(.text)
    USART_SendBreak                          0x08007dc7   Thumb Code    10  stm32f10x_usart.o(.text)
    USART_SetGuardTime                       0x08007dd1   Thumb Code    16  stm32f10x_usart.o(.text)
    USART_SetPrescaler                       0x08007de1   Thumb Code    16  stm32f10x_usart.o(.text)
    USART_SmartCardCmd                       0x08007df1   Thumb Code    24  stm32f10x_usart.o(.text)
    USART_SmartCardNACKCmd                   0x08007e09   Thumb Code    24  stm32f10x_usart.o(.text)
    USART_HalfDuplexCmd                      0x08007e21   Thumb Code    24  stm32f10x_usart.o(.text)
    USART_OverSampling8Cmd                   0x08007e39   Thumb Code    22  stm32f10x_usart.o(.text)
    USART_OneBitMethodCmd                    0x08007e4f   Thumb Code    24  stm32f10x_usart.o(.text)
    USART_IrDAConfig                         0x08007e67   Thumb Code    18  stm32f10x_usart.o(.text)
    USART_IrDACmd                            0x08007e79   Thumb Code    24  stm32f10x_usart.o(.text)
    USART_GetFlagStatus                      0x08007e91   Thumb Code    26  stm32f10x_usart.o(.text)
    USART_ClearFlag                          0x08007eab   Thumb Code    18  stm32f10x_usart.o(.text)
    USART_GetITStatus                        0x08007ebd   Thumb Code    84  stm32f10x_usart.o(.text)
    USART_ClearITPendingBit                  0x08007f11   Thumb Code    52  stm32f10x_usart.o(.text)
    NVIC_PriorityGroupConfig                 0x08007f45   Thumb Code    10  misc.o(.text)
    NVIC_Init                                0x08007f4f   Thumb Code   100  misc.o(.text)
    NVIC_SetVectorTable                      0x08007fb3   Thumb Code    14  misc.o(.text)
    NVIC_SystemLPConfig                      0x08007fc1   Thumb Code    34  misc.o(.text)
    SysTick_CLKSourceConfig                  0x08007fe3   Thumb Code    40  misc.o(.text)
    SPI_I2S_DeInit                           0x08008021   Thumb Code    76  stm32f10x_spi.o(.text)
    SPI_Init                                 0x0800806d   Thumb Code    60  stm32f10x_spi.o(.text)
    I2S_Init                                 0x080080a9   Thumb Code   226  stm32f10x_spi.o(.text)
    SPI_StructInit                           0x0800818b   Thumb Code    24  stm32f10x_spi.o(.text)
    I2S_StructInit                           0x080081a3   Thumb Code    20  stm32f10x_spi.o(.text)
    SPI_Cmd                                  0x080081b7   Thumb Code    24  stm32f10x_spi.o(.text)
    I2S_Cmd                                  0x080081cf   Thumb Code    24  stm32f10x_spi.o(.text)
    SPI_I2S_ITConfig                         0x080081e7   Thumb Code    32  stm32f10x_spi.o(.text)
    SPI_I2S_DMACmd                           0x08008207   Thumb Code    18  stm32f10x_spi.o(.text)
    SPI_I2S_SendData                         0x08008219   Thumb Code     4  stm32f10x_spi.o(.text)
    SPI_I2S_ReceiveData                      0x0800821d   Thumb Code     6  stm32f10x_spi.o(.text)
    SPI_NSSInternalSoftwareConfig            0x08008223   Thumb Code    30  stm32f10x_spi.o(.text)
    SPI_SSOutputCmd                          0x08008241   Thumb Code    24  stm32f10x_spi.o(.text)
    SPI_DataSizeConfig                       0x08008259   Thumb Code    18  stm32f10x_spi.o(.text)
    SPI_TransmitCRC                          0x0800826b   Thumb Code    10  stm32f10x_spi.o(.text)
    SPI_CalculateCRC                         0x08008275   Thumb Code    24  stm32f10x_spi.o(.text)
    SPI_GetCRC                               0x0800828d   Thumb Code    16  stm32f10x_spi.o(.text)
    SPI_GetCRCPolynomial                     0x0800829d   Thumb Code     6  stm32f10x_spi.o(.text)
    SPI_BiDirectionalLineConfig              0x080082a3   Thumb Code    28  stm32f10x_spi.o(.text)
    SPI_I2S_GetFlagStatus                    0x080082bf   Thumb Code    18  stm32f10x_spi.o(.text)
    SPI_I2S_ClearFlag                        0x080082d1   Thumb Code     6  stm32f10x_spi.o(.text)
    SPI_I2S_GetITStatus                      0x080082d7   Thumb Code    52  stm32f10x_spi.o(.text)
    SPI_I2S_ClearITPendingBit                0x0800830b   Thumb Code    20  stm32f10x_spi.o(.text)
    TIM_DeInit                               0x0800832d   Thumb Code   424  stm32f10x_tim.o(.text)
    TIM_TimeBaseInit                         0x080084d5   Thumb Code   122  stm32f10x_tim.o(.text)
    TIM_OC1Init                              0x0800854f   Thumb Code   132  stm32f10x_tim.o(.text)
    TIM_OC2Init                              0x080085d3   Thumb Code   154  stm32f10x_tim.o(.text)
    TIM_OC3Init                              0x0800866d   Thumb Code   150  stm32f10x_tim.o(.text)
    TIM_OC4Init                              0x08008703   Thumb Code   182  stm32f10x_tim.o(.text)
    TIM_SetIC4Prescaler                      0x080087b9   Thumb Code    26  stm32f10x_tim.o(.text)
    TIM_SetIC3Prescaler                      0x08008855   Thumb Code    18  stm32f10x_tim.o(.text)
    TIM_SetIC2Prescaler                      0x080088e1   Thumb Code    26  stm32f10x_tim.o(.text)
    TIM_SetIC1Prescaler                      0x0800897d   Thumb Code    18  stm32f10x_tim.o(.text)
    TIM_ICInit                               0x080089fb   Thumb Code   150  stm32f10x_tim.o(.text)
    TIM_PWMIConfig                           0x08008a91   Thumb Code   124  stm32f10x_tim.o(.text)
    TIM_BDTRConfig                           0x08008b0d   Thumb Code    32  stm32f10x_tim.o(.text)
    TIM_TimeBaseStructInit                   0x08008b2d   Thumb Code    18  stm32f10x_tim.o(.text)
    TIM_OCStructInit                         0x08008b3f   Thumb Code    20  stm32f10x_tim.o(.text)
    TIM_ICStructInit                         0x08008b53   Thumb Code    18  stm32f10x_tim.o(.text)
    TIM_BDTRStructInit                       0x08008b65   Thumb Code    40  stm32f10x_tim.o(.text)
    TIM_Cmd                                  0x08008b8d   Thumb Code    24  stm32f10x_tim.o(.text)
    TIM_CtrlPWMOutputs                       0x08008ba5   Thumb Code    30  stm32f10x_tim.o(.text)
    TIM_ITConfig                             0x08008bc3   Thumb Code    18  stm32f10x_tim.o(.text)
    TIM_GenerateEvent                        0x08008bd5   Thumb Code     4  stm32f10x_tim.o(.text)
    TIM_DMAConfig                            0x08008bd9   Thumb Code    10  stm32f10x_tim.o(.text)
    TIM_DMACmd                               0x08008be3   Thumb Code    18  stm32f10x_tim.o(.text)
    TIM_InternalClockConfig                  0x08008bf5   Thumb Code    12  stm32f10x_tim.o(.text)
    TIM_SelectInputTrigger                   0x08008c01   Thumb Code    18  stm32f10x_tim.o(.text)
    TIM_ITRxExternalClockConfig              0x08008c13   Thumb Code    24  stm32f10x_tim.o(.text)
    TIM_TIxExternalClockConfig               0x08008c2b   Thumb Code    62  stm32f10x_tim.o(.text)
    TIM_ETRConfig                            0x08008c69   Thumb Code    28  stm32f10x_tim.o(.text)
    TIM_ETRClockMode1Config                  0x08008c85   Thumb Code    54  stm32f10x_tim.o(.text)
    TIM_ETRClockMode2Config                  0x08008cbb   Thumb Code    32  stm32f10x_tim.o(.text)
    TIM_PrescalerConfig                      0x08008cdb   Thumb Code     6  stm32f10x_tim.o(.text)
    TIM_CounterModeConfig                    0x08008ce1   Thumb Code    18  stm32f10x_tim.o(.text)
    TIM_EncoderInterfaceConfig               0x08008cf3   Thumb Code    66  stm32f10x_tim.o(.text)
    TIM_ForcedOC1Config                      0x08008d35   Thumb Code    18  stm32f10x_tim.o(.text)
    TIM_ForcedOC2Config                      0x08008d47   Thumb Code    26  stm32f10x_tim.o(.text)
    TIM_ForcedOC3Config                      0x08008d61   Thumb Code    18  stm32f10x_tim.o(.text)
    TIM_ForcedOC4Config                      0x08008d73   Thumb Code    26  stm32f10x_tim.o(.text)
    TIM_ARRPreloadConfig                     0x08008d8d   Thumb Code    24  stm32f10x_tim.o(.text)
    TIM_SelectCOM                            0x08008da5   Thumb Code    24  stm32f10x_tim.o(.text)
    TIM_SelectCCDMA                          0x08008dbd   Thumb Code    24  stm32f10x_tim.o(.text)
    TIM_CCPreloadControl                     0x08008dd5   Thumb Code    24  stm32f10x_tim.o(.text)
    TIM_OC1PreloadConfig                     0x08008ded   Thumb Code    18  stm32f10x_tim.o(.text)
    TIM_OC2PreloadConfig                     0x08008dff   Thumb Code    26  stm32f10x_tim.o(.text)
    TIM_OC3PreloadConfig                     0x08008e19   Thumb Code    18  stm32f10x_tim.o(.text)
    TIM_OC4PreloadConfig                     0x08008e2b   Thumb Code    26  stm32f10x_tim.o(.text)
    TIM_OC1FastConfig                        0x08008e45   Thumb Code    18  stm32f10x_tim.o(.text)
    TIM_OC2FastConfig                        0x08008e57   Thumb Code    26  stm32f10x_tim.o(.text)
    TIM_OC3FastConfig                        0x08008e71   Thumb Code    18  stm32f10x_tim.o(.text)
    TIM_OC4FastConfig                        0x08008e83   Thumb Code    26  stm32f10x_tim.o(.text)
    TIM_ClearOC1Ref                          0x08008e9d   Thumb Code    18  stm32f10x_tim.o(.text)
    TIM_ClearOC2Ref                          0x08008eaf   Thumb Code    24  stm32f10x_tim.o(.text)
    TIM_ClearOC3Ref                          0x08008ec7   Thumb Code    18  stm32f10x_tim.o(.text)
    TIM_ClearOC4Ref                          0x08008ed9   Thumb Code    24  stm32f10x_tim.o(.text)
    TIM_OC1PolarityConfig                    0x08008ef1   Thumb Code    18  stm32f10x_tim.o(.text)
    TIM_OC1NPolarityConfig                   0x08008f03   Thumb Code    18  stm32f10x_tim.o(.text)
    TIM_OC2PolarityConfig                    0x08008f15   Thumb Code    26  stm32f10x_tim.o(.text)
    TIM_OC2NPolarityConfig                   0x08008f2f   Thumb Code    26  stm32f10x_tim.o(.text)
    TIM_OC3PolarityConfig                    0x08008f49   Thumb Code    26  stm32f10x_tim.o(.text)
    TIM_OC3NPolarityConfig                   0x08008f63   Thumb Code    26  stm32f10x_tim.o(.text)
    TIM_OC4PolarityConfig                    0x08008f7d   Thumb Code    26  stm32f10x_tim.o(.text)
    TIM_CCxCmd                               0x08008f97   Thumb Code    30  stm32f10x_tim.o(.text)
    TIM_CCxNCmd                              0x08008fb5   Thumb Code    30  stm32f10x_tim.o(.text)
    TIM_SelectOCxM                           0x08008fd3   Thumb Code    82  stm32f10x_tim.o(.text)
    TIM_UpdateDisableConfig                  0x08009025   Thumb Code    24  stm32f10x_tim.o(.text)
    TIM_UpdateRequestConfig                  0x0800903d   Thumb Code    24  stm32f10x_tim.o(.text)
    TIM_SelectHallSensor                     0x08009055   Thumb Code    24  stm32f10x_tim.o(.text)
    TIM_SelectOnePulseMode                   0x0800906d   Thumb Code    18  stm32f10x_tim.o(.text)
    TIM_SelectOutputTrigger                  0x0800907f   Thumb Code    18  stm32f10x_tim.o(.text)
    TIM_SelectSlaveMode                      0x08009091   Thumb Code    18  stm32f10x_tim.o(.text)
    TIM_SelectMasterSlaveMode                0x080090a3   Thumb Code    18  stm32f10x_tim.o(.text)
    TIM_SetCounter                           0x080090b5   Thumb Code     4  stm32f10x_tim.o(.text)
    TIM_SetAutoreload                        0x080090b9   Thumb Code     4  stm32f10x_tim.o(.text)
    TIM_SetCompare1                          0x080090bd   Thumb Code     4  stm32f10x_tim.o(.text)
    TIM_SetCompare2                          0x080090c1   Thumb Code     4  stm32f10x_tim.o(.text)
    TIM_SetCompare3                          0x080090c5   Thumb Code     4  stm32f10x_tim.o(.text)
    TIM_SetCompare4                          0x080090c9   Thumb Code     6  stm32f10x_tim.o(.text)
    TIM_SetClockDivision                     0x080090cf   Thumb Code    18  stm32f10x_tim.o(.text)
    TIM_GetCapture1                          0x080090e1   Thumb Code     6  stm32f10x_tim.o(.text)
    TIM_GetCapture2                          0x080090e7   Thumb Code     6  stm32f10x_tim.o(.text)
    TIM_GetCapture3                          0x080090ed   Thumb Code     6  stm32f10x_tim.o(.text)
    TIM_GetCapture4                          0x080090f3   Thumb Code     8  stm32f10x_tim.o(.text)
    TIM_GetCounter                           0x080090fb   Thumb Code     6  stm32f10x_tim.o(.text)
    TIM_GetPrescaler                         0x08009101   Thumb Code     6  stm32f10x_tim.o(.text)
    TIM_GetFlagStatus                        0x08009107   Thumb Code    18  stm32f10x_tim.o(.text)
    TIM_ClearFlag                            0x08009119   Thumb Code     6  stm32f10x_tim.o(.text)
    TIM_GetITStatus                          0x0800911f   Thumb Code    34  stm32f10x_tim.o(.text)
    TIM_ClearITPendingBit                    0x08009141   Thumb Code     6  stm32f10x_tim.o(.text)
    EXTI_DeInit                              0x08009149   Thumb Code    28  stm32f10x_exti.o(.text)
    EXTI_Init                                0x08009165   Thumb Code   142  stm32f10x_exti.o(.text)
    EXTI_StructInit                          0x080091f3   Thumb Code    16  stm32f10x_exti.o(.text)
    EXTI_GenerateSWInterrupt                 0x08009203   Thumb Code    16  stm32f10x_exti.o(.text)
    EXTI_GetFlagStatus                       0x08009213   Thumb Code    22  stm32f10x_exti.o(.text)
    EXTI_ClearFlag                           0x08009229   Thumb Code     8  stm32f10x_exti.o(.text)
    EXTI_GetITStatus                         0x08009231   Thumb Code    34  stm32f10x_exti.o(.text)
    EXTI_ClearITPendingBit                   0x08009253   Thumb Code     8  stm32f10x_exti.o(.text)
    mymemcpy                                 0x08009265   Thumb Code    26  malloc.o(.text)
    mymemset                                 0x0800927f   Thumb Code    20  malloc.o(.text)
    mem_init                                 0x08009293   Thumb Code    36  malloc.o(.text)
    mem_perused                              0x080092b7   Thumb Code    34  malloc.o(.text)
    mem_malloc                               0x080092d9   Thumb Code   114  malloc.o(.text)
    mem_free                                 0x0800934b   Thumb Code    66  malloc.o(.text)
    myfree                                   0x0800938d   Thumb Code    24  malloc.o(.text)
    mymalloc                                 0x080093a5   Thumb Code    28  malloc.o(.text)
    myrealloc                                0x080093c1   Thumb Code    50  malloc.o(.text)
    clust2sect                               0x080095a7   Thumb Code    26  ff.o(.text)
    get_fat                                  0x080095c1   Thumb Code   232  ff.o(.text)
    put_fat                                  0x080096a9   Thumb Code   310  ff.o(.text)
    f_mount                                  0x0800a3a9   Thumb Code    86  ff.o(.text)
    f_open                                   0x0800a3ff   Thumb Code   356  ff.o(.text)
    f_read                                   0x0800a563   Thumb Code   450  ff.o(.text)
    f_write                                  0x0800a725   Thumb Code   498  ff.o(.text)
    f_sync                                   0x0800a917   Thumb Code   176  ff.o(.text)
    f_close                                  0x0800a9c7   Thumb Code    32  ff.o(.text)
    f_lseek                                  0x0800a9e7   Thumb Code   654  ff.o(.text)
    f_opendir                                0x0800ac75   Thumb Code   110  ff.o(.text)
    f_closedir                               0x0800ace3   Thumb Code    22  ff.o(.text)
    f_readdir                                0x0800acf9   Thumb Code    88  ff.o(.text)
    f_stat                                   0x0800ad51   Thumb Code    60  ff.o(.text)
    f_getfree                                0x0800ad8d   Thumb Code   258  ff.o(.text)
    f_truncate                               0x0800ae8f   Thumb Code   184  ff.o(.text)
    f_unlink                                 0x0800af47   Thumb Code   170  ff.o(.text)
    f_mkdir                                  0x0800aff1   Thumb Code   352  ff.o(.text)
    f_chmod                                  0x0800b151   Thumb Code    84  ff.o(.text)
    f_utime                                  0x0800b1a5   Thumb Code    86  ff.o(.text)
    f_rename                                 0x0800b1fb   Thumb Code   284  ff.o(.text)
    f_getlabel                               0x0800b317   Thumb Code   190  ff.o(.text)
    f_setlabel                               0x0800b3d5   Thumb Code   462  ff.o(.text)
    f_mkfs                                   0x0800b5a3   Thumb Code  1570  ff.o(.text)
    f_gets                                   0x0800bbc5   Thumb Code    82  ff.o(.text)
    f_putc                                   0x0800bc5b   Thumb Code    64  ff.o(.text)
    f_puts                                   0x0800bc9b   Thumb Code    74  ff.o(.text)
    f_printf                                 0x0800bce5   Thumb Code   674  ff.o(.text)
    exfuns_init                              0x0800bf89   Thumb Code   100  exfuns.o(.text)
    char_upper                               0x0800bfed   Thumb Code    26  exfuns.o(.text)
    f_typetell                               0x0800c007   Thumb Code   188  exfuns.o(.text)
    exf_getfree                              0x0800c0c3   Thumb Code    74  exfuns.o(.text)
    mf_mount                                 0x0800c121   Thumb Code    20  fattester.o(.text)
    mf_open                                  0x0800c135   Thumb Code    24  fattester.o(.text)
    mf_close                                 0x0800c14d   Thumb Code    14  fattester.o(.text)
    mf_read                                  0x0800c15b   Thumb Code   224  fattester.o(.text)
    mf_write                                 0x0800c23b   Thumb Code    68  fattester.o(.text)
    mf_opendir                               0x0800c27f   Thumb Code    14  fattester.o(.text)
    mf_closedir                              0x0800c28d   Thumb Code    10  fattester.o(.text)
    mf_readdir                               0x0800c297   Thumb Code   148  fattester.o(.text)
    mf_scan_files                            0x0800c32b   Thumb Code    72  fattester.o(.text)
    mf_showfree                              0x0800c373   Thumb Code    88  fattester.o(.text)
    mf_lseek                                 0x0800c3cb   Thumb Code    16  fattester.o(.text)
    mf_tell                                  0x0800c3db   Thumb Code     8  fattester.o(.text)
    mf_size                                  0x0800c3e3   Thumb Code     8  fattester.o(.text)
    mf_mkdir                                 0x0800c3eb   Thumb Code    12  fattester.o(.text)
    mf_fmkfs                                 0x0800c3f7   Thumb Code    20  fattester.o(.text)
    mf_unlink                                0x0800c40b   Thumb Code    12  fattester.o(.text)
    mf_rename                                0x0800c417   Thumb Code    16  fattester.o(.text)
    mf_getlabel                              0x0800c427   Thumb Code    58  fattester.o(.text)
    mf_setlabel                              0x0800c461   Thumb Code    34  fattester.o(.text)
    mf_gets                                  0x0800c483   Thumb Code    38  fattester.o(.text)
    mf_putc                                  0x0800c4a9   Thumb Code    18  fattester.o(.text)
    mf_puts                                  0x0800c4bb   Thumb Code    18  fattester.o(.text)
    mf_select_file                           0x0800c4cd   Thumb Code   804  fattester.o(.text)
    mf_get_fileName                          0x0800c7f1   Thumb Code    86  fattester.o(.text)
    disk_initialize                          0x0800c855   Thumb Code    56  diskio.o(.text)
    disk_status                              0x0800c88d   Thumb Code     6  diskio.o(.text)
    disk_read                                0x0800c893   Thumb Code   100  diskio.o(.text)
    disk_write                               0x0800c8f7   Thumb Code    80  diskio.o(.text)
    disk_ioctl                               0x0800c947   Thumb Code   154  diskio.o(.text)
    get_fattime                              0x0800c9e1   Thumb Code     4  diskio.o(.text)
    ff_memalloc                              0x0800c9e5   Thumb Code    12  diskio.o(.text)
    ff_memfree                               0x0800c9f1   Thumb Code    12  diskio.o(.text)
    code_value1                              0x0800ca05   Thumb Code    20  interpolation.o(.text)
    code_seen1                               0x0800ca19   Thumb Code    32  interpolation.o(.text)
    get_coordinatesValue1                    0x0800ca39   Thumb Code   132  interpolation.o(.text)
    decode                                   0x0800cabd   Thumb Code   182  interpolation.o(.text)
    quad_test2                               0x0800cb73   Thumb Code   178  interpolation.o(.text)
    GetSteps1                                0x0800cc25   Thumb Code  1024  interpolation.o(.text)
    GetArcO1                                 0x0800d025   Thumb Code   930  interpolation.o(.text)
    prepare_interpolation                    0x0800d3c7   Thumb Code   166  interpolation.o(.text)
    line_interpolation                       0x0800d46d   Thumb Code   304  interpolation.o(.text)
    circ_interpolation                       0x0800d59d   Thumb Code   996  interpolation.o(.text)
    circr_interpolation                      0x0800d981   Thumb Code   948  interpolation.o(.text)
    testGPIO                                 0x0800dd39   Thumb Code    36  driverinterface.o(.text)
    driver_GPIOInit1                         0x0800dd5d   Thumb Code   308  driverinterface.o(.text)
    run_pos1                                 0x0800de91   Thumb Code    90  driverinterface.o(.text)
    run_neg1                                 0x0800deeb   Thumb Code    90  driverinterface.o(.text)
    EXTI2_IRQHandler                         0x0800df45   Thumb Code    48  driverinterface.o(.text)
    EXTI15_10_IRQHandler                     0x0800df75   Thumb Code    98  driverinterface.o(.text)
    axisToZero1                              0x0800dfd7   Thumb Code    84  driverinterface.o(.text)
    updataShow                               0x0800e02b   Thumb Code   762  driverinterface.o(.text)
    LCD_ShowFrame1                           0x0800e325   Thumb Code   798  driverinterface.o(.text)
    tim_Init                                 0x0800e643   Thumb Code    80  driverinterface.o(.text)
    interpolationChangeSpeed                 0x0800e693   Thumb Code    16  driverinterface.o(.text)
    interpolationTaskCreat                   0x0800e6a3   Thumb Code    22  driverinterface.o(.text)
    interpolationTaskDelet                   0x0800e6b9   Thumb Code    22  driverinterface.o(.text)
    TIM3_IRQHandler                          0x0800e6cf   Thumb Code   116  driverinterface.o(.text)
    __aeabi_memset                           0x0800e755   Thumb Code    14  memseta.o(.text)
    __aeabi_memset4                          0x0800e755   Thumb Code     0  memseta.o(.text)
    __aeabi_memset8                          0x0800e755   Thumb Code     0  memseta.o(.text)
    __aeabi_memclr                           0x0800e763   Thumb Code     4  memseta.o(.text)
    __aeabi_memclr4                          0x0800e763   Thumb Code     0  memseta.o(.text)
    __aeabi_memclr8                          0x0800e763   Thumb Code     0  memseta.o(.text)
    _memset$wrapper                          0x0800e767   Thumb Code    18  memseta.o(.text)
    strcat                                   0x0800e779   Thumb Code    24  strcat.o(.text)
    strchr                                   0x0800e791   Thumb Code    20  strchr.o(.text)
    strcmp                                   0x0800e7a5   Thumb Code    28  strcmp.o(.text)
    strcpy                                   0x0800e7c1   Thumb Code    18  strcpy.o(.text)
    __aeabi_fmul                             0x0800e7d3   Thumb Code   100  fmul.o(.text)
    __aeabi_dadd                             0x0800e837   Thumb Code   322  dadd.o(.text)
    __aeabi_dsub                             0x0800e979   Thumb Code     6  dadd.o(.text)
    __aeabi_drsub                            0x0800e97f   Thumb Code     6  dadd.o(.text)
    __aeabi_dmul                             0x0800e985   Thumb Code   228  dmul.o(.text)
    __aeabi_ddiv                             0x0800ea69   Thumb Code   222  ddiv.o(.text)
    __aeabi_ui2f                             0x0800eb47   Thumb Code    10  ffltui.o(.text)
    __aeabi_i2d                              0x0800eb51   Thumb Code    34  dflti.o(.text)
    __aeabi_f2iz                             0x0800eb73   Thumb Code    50  ffixi.o(.text)
    __aeabi_d2iz                             0x0800eba5   Thumb Code    62  dfixi.o(.text)
    __aeabi_d2uiz                            0x0800ebe3   Thumb Code    50  dfixui.o(.text)
    __aeabi_f2d                              0x0800ec15   Thumb Code    38  f2d.o(.text)
    __aeabi_cdrcmple                         0x0800ec3d   Thumb Code    38  cdrcmple.o(.text)
    __aeabi_d2f                              0x0800ec65   Thumb Code    56  d2f.o(.text)
    __aeabi_uidiv                            0x0800ec9d   Thumb Code     0  uidiv.o(.text)
    __aeabi_uidivmod                         0x0800ec9d   Thumb Code    44  uidiv.o(.text)
    __aeabi_uldivmod                         0x0800ecc9   Thumb Code    98  uldiv.o(.text)
    __aeabi_llsl                             0x0800ed2b   Thumb Code    30  llshl.o(.text)
    _ll_shift_l                              0x0800ed2b   Thumb Code     0  llshl.o(.text)
    __aeabi_llsr                             0x0800ed49   Thumb Code    32  llushr.o(.text)
    _ll_ushift_r                             0x0800ed49   Thumb Code     0  llushr.o(.text)
    __aeabi_lasr                             0x0800ed69   Thumb Code    36  llsshr.o(.text)
    _ll_sshift_r                             0x0800ed69   Thumb Code     0  llsshr.o(.text)
    __strtod_int                             0x0800edc3   Thumb Code    88  strtod.o(.text)
    __I$use$fp                               0x0800ee29   Thumb Code     0  iusefp.o(.text)
    _float_round                             0x0800ee29   Thumb Code    18  fepilogue.o(.text)
    _float_epilogue                          0x0800ee3b   Thumb Code    92  fepilogue.o(.text)
    _double_round                            0x0800ee97   Thumb Code    26  depilogue.o(.text)
    _double_epilogue                         0x0800eeb1   Thumb Code   156  depilogue.o(.text)
    _dsqrt                                   0x0800ef4d   Thumb Code   162  dsqrt.o(.text)
    __aeabi_d2ulz                            0x0800efef   Thumb Code    48  dfixul.o(.text)
    __scatterload                            0x0800f021   Thumb Code    28  init.o(.text)
    __scatterload_rt2                        0x0800f021   Thumb Code     0  init.o(.text)
    isspace                                  0x0800f045   Thumb Code    10  isspace_c.o(.text)
    _scanf_real                              0x0800f151   Thumb Code     0  scanf_fp.o(.text)
    _scanf_really_real                       0x0800f151   Thumb Code   556  scanf_fp.o(.text)
    _sgetc                                   0x0800f389   Thumb Code    30  _sgetc.o(.text)
    _sbackspace                              0x0800f3a7   Thumb Code    34  _sgetc.o(.text)
    __ctype_lookup                           0x0800f3c9   Thumb Code    34  ctype_c.o(.text)
    __aeabi_ul2d                             0x0800f3f1   Thumb Code    24  dfltul.o(.text)
    __decompress                             0x0800f409   Thumb Code     0  __dczerorl2.o(.text)
    __decompress1                            0x0800f409   Thumb Code    86  __dczerorl2.o(.text)
    __0printf                                0x0800f461   Thumb Code    22  printfa.o(i.__0printf)
    __1printf                                0x0800f461   Thumb Code     0  printfa.o(i.__0printf)
    __2printf                                0x0800f461   Thumb Code     0  printfa.o(i.__0printf)
    __c89printf                              0x0800f461   Thumb Code     0  printfa.o(i.__0printf)
    printf                                   0x0800f461   Thumb Code     0  printfa.o(i.__0printf)
    __scatterload_copy                       0x0800f481   Thumb Code    14  handlers.o(i.__scatterload_copy)
    __scatterload_null                       0x0800f48f   Thumb Code     2  handlers.o(i.__scatterload_null)
    __scatterload_zeroinit                   0x0800f491   Thumb Code    14  handlers.o(i.__scatterload_zeroinit)
    __set_errno                              0x0800f4a1   Thumb Code     6  errno.o(i.__set_errno)
    _is_digit                                0x0800f611   Thumb Code    14  scanf_fp.o(i._is_digit)
    malloc                                   0x0800fd51   Thumb Code    92  malloc.o(i.malloc)
    sqrt                                     0x0800fdbd   Thumb Code    76  sqrt.o(i.sqrt)
    strtod                                   0x0800fe09   Thumb Code    28  strtod.o(i.strtod)
    asc2_1206                                0x0800fe24   Data        1140  lcd.o(.constdata)
    asc2_1608                                0x08010298   Data        1520  lcd.o(.constdata)
    asc2_2412                                0x08010888   Data        3420  lcd.o(.constdata)
    __ctype_categories                       0x08011634   Data          64  ctype_c.o(.constdata)
    Region$$Table$$Base                      0x08011768   Number         0  anon$$obj.o(Region$$Table)
    Region$$Table$$Limit                     0x08011788   Number         0  anon$$obj.o(Region$$Table)
    str                                      0x20000000   Data           4  main.o(.data)
    tempNum                                  0x20000004   Data           4  main.o(.data)
    POINT_COLOR_LAST                         0x20000008   Data           2  main.o(.data)
    res                                      0x2000000a   Data           1  main.o(.data)
    pGCode_Msg                               0x2000000c   Data           4  main.o(.data)
    pNC_Para                                 0x20000010   Data           4  main.o(.data)
    pcode                                    0x20000014   Data           4  main.o(.data)
    ZOOM                                     0x20000018   Data           1  main.o(.data)
    SystemCoreClock                          0x2000001c   Data           4  system_stm32f10x.o(.data)
    AHBPrescTable                            0x20000020   Data          16  system_stm32f10x.o(.data)
    POINT_COLOR                              0x20000030   Data           2  lcd.o(.data)
    BACK_COLOR                               0x20000032   Data           2  lcd.o(.data)
    Temp_X                                   0x20000034   Data           2  lcd.o(.data)
    Temp_Y                                   0x20000036   Data           2  lcd.o(.data)
    SD_Type                                  0x20000039   Data           1  mmc_sd.o(.data)
    __stdout                                 0x20000040   Data           4  usart.o(.data)
    USART_RX_STA                             0x20000044   Data           2  usart.o(.data)
    mallco_dev                               0x2000005c   Data          20  malloc.o(.data)
    FILE_TYPE_TBL                            0x2000007c   Data         312  exfuns.o(.data)
    fs                                       0x200001b4   Data           8  exfuns.o(.data)
    file                                     0x200001bc   Data           4  exfuns.o(.data)
    ftemp                                    0x200001c0   Data           4  exfuns.o(.data)
    br                                       0x200001c4   Data           4  exfuns.o(.data)
    bw                                       0x200001c8   Data           4  exfuns.o(.data)
    fatbuf                                   0x200001cc   Data           4  exfuns.o(.data)
    FLASH_SECTOR_COUNT                       0x200001d0   Data           2  diskio.o(.data)
    strchr_pointer                           0x200001d4   Data           4  interpolation.o(.data)
    axis_codes1                              0x200001d8   Data           4  interpolation.o(.data)
    IS_XOrg                                  0x200001dc   Data           1  driverinterface.o(.data)
    IS_YOrg                                  0x200001dd   Data           1  driverinterface.o(.data)
    IS_ZOrg                                  0x200001de   Data           1  driverinterface.o(.data)
    displayRate                              0x200001e0   Data           4  driverinterface.o(.data)
    __microlib_freelist                      0x200001e4   Data           4  mvars.o(.data)
    __microlib_freelist_initialised          0x200001e8   Data           4  mvars.o(.data)
    cmdbuffer                                0x200001f0   Data         768  main.o(.bss)
    m_fs                                     0x200004f0   Data         560  main.o(.bss)
    m_file                                   0x20000720   Data         552  main.o(.bss)
    lcddev                                   0x20000948   Data          14  lcd.o(.bss)
    SPI_InitStructure                        0x20000956   Data          18  spi.o(.bss)
    USART_RX_BUF                             0x20000968   Data         200  usart.o(.bss)
    membase                                  0x20000a30   Data        1024  malloc.o(.bss)
    memmapbase                               0x20000e30   Data          64  malloc.o(.bss)
    fileinfo                                 0x20000e70   Data          24  exfuns.o(.bss)
    dir                                      0x20000e88   Data          28  exfuns.o(.bss)
    __heap_base                              0x20000ea8   Data           0  startup_stm32f10x_md.o(HEAP)
    __heap_limit                             0x200010a8   Data           0  startup_stm32f10x_md.o(HEAP)
    __initial_sp                             0x200014a8   Data           0  startup_stm32f10x_md.o(STACK)



==============================================================================

Memory Map of the image

  Image Entry point : 0x080000ed

  Load Region LR_IROM1 (Base: 0x08000000, Size: 0x00011978, Max: 0x00020000, ABSOLUTE, COMPRESSED[0x00011818])

    Execution Region ER_IROM1 (Base: 0x08000000, Size: 0x00011788, Max: 0x00020000, ABSOLUTE)

    Base Addr    Size         Type   Attr      Idx    E Section Name        Object

    0x08000000   0x000000ec   Data   RO          331    RESET               startup_stm32f10x_md.o
    0x080000ec   0x00000000   Code   RO          598  * .ARM.Collect$$$$00000000  mc_w.l(entry.o)
    0x080000ec   0x00000004   Code   RO          924    .ARM.Collect$$$$00000001  mc_w.l(entry2.o)
    0x080000f0   0x00000004   Code   RO          927    .ARM.Collect$$$$00000004  mc_w.l(entry5.o)
    0x080000f4   0x00000000   Code   RO          929    .ARM.Collect$$$$00000008  mc_w.l(entry7b.o)
    0x080000f4   0x00000000   Code   RO          931    .ARM.Collect$$$$0000000A  mc_w.l(entry8b.o)
    0x080000f4   0x00000008   Code   RO          932    .ARM.Collect$$$$0000000B  mc_w.l(entry9a.o)
    0x080000fc   0x00000000   Code   RO          934    .ARM.Collect$$$$0000000D  mc_w.l(entry10a.o)
    0x080000fc   0x00000000   Code   RO          936    .ARM.Collect$$$$0000000F  mc_w.l(entry11a.o)
    0x080000fc   0x00000004   Code   RO          925    .ARM.Collect$$$$00002712  mc_w.l(entry2.o)
    0x08000100   0x00000df4   Code   RO            1    .text               main.o
    0x08000ef4   0x0000001a   Code   RO          122    .text               stm32f10x_it.o
    0x08000f0e   0x00000002   PAD
    0x08000f10   0x000001e0   Code   RO          157    .text               system_stm32f10x.o
    0x080010f0   0x00000070   Code   RO          175    .text               led.o
    0x08001160   0x000059a4   Code   RO          187    .text               lcd.o
    0x08006b04   0x000000cc   Code   RO          217    .text               key.o
    0x08006bd0   0x000000e0   Code   RO          233    .text               spi.o
    0x08006cb0   0x00000540   Code   RO          251    .text               mmc_sd.o
    0x080071f0   0x000000d4   Code   RO          269    .text               delay.o
    0x080072c4   0x0000000c   Code   RO          283    .text               sys.o
    0x080072d0   0x00000148   Code   RO          295    .text               usart.o
    0x08007418   0x00000024   Code   RO          332    .text               startup_stm32f10x_md.o
    0x0800743c   0x0000035c   Code   RO          336    .text               stm32f10x_gpio.o
    0x08007798   0x000003a4   Code   RO          348    .text               stm32f10x_rcc.o
    0x08007b3c   0x00000408   Code   RO          362    .text               stm32f10x_usart.o
    0x08007f44   0x000000dc   Code   RO          374    .text               misc.o
    0x08008020   0x0000030c   Code   RO          386    .text               stm32f10x_spi.o
    0x0800832c   0x00000e1a   Code   RO          398    .text               stm32f10x_tim.o
    0x08009146   0x00000002   PAD
    0x08009148   0x0000011c   Code   RO          410    .text               stm32f10x_exti.o
    0x08009264   0x00000194   Code   RO          422    .text               malloc.o
    0x080093f8   0x00002b8e   Code   RO          442    .text               ff.o
    0x0800bf86   0x00000002   PAD
    0x0800bf88   0x00000198   Code   RO          466    .text               exfuns.o
    0x0800c120   0x00000734   Code   RO          493    .text               fattester.o
    0x0800c854   0x000001b0   Code   RO          520    .text               diskio.o
    0x0800ca04   0x00001334   Code   RO          539    .text               interpolation.o
    0x0800dd38   0x00000a1c   Code   RO          566    .text               driverinterface.o
    0x0800e754   0x00000024   Code   RO          601    .text               mc_w.l(memseta.o)
    0x0800e778   0x00000018   Code   RO          603    .text               mc_w.l(strcat.o)
    0x0800e790   0x00000014   Code   RO          605    .text               mc_w.l(strchr.o)
    0x0800e7a4   0x0000001c   Code   RO          607    .text               mc_w.l(strcmp.o)
    0x0800e7c0   0x00000012   Code   RO          609    .text               mc_w.l(strcpy.o)
    0x0800e7d2   0x00000064   Code   RO          900    .text               mf_w.l(fmul.o)
    0x0800e836   0x0000014e   Code   RO          902    .text               mf_w.l(dadd.o)
    0x0800e984   0x000000e4   Code   RO          904    .text               mf_w.l(dmul.o)
    0x0800ea68   0x000000de   Code   RO          906    .text               mf_w.l(ddiv.o)
    0x0800eb46   0x0000000a   Code   RO          908    .text               mf_w.l(ffltui.o)
    0x0800eb50   0x00000022   Code   RO          910    .text               mf_w.l(dflti.o)
    0x0800eb72   0x00000032   Code   RO          912    .text               mf_w.l(ffixi.o)
    0x0800eba4   0x0000003e   Code   RO          914    .text               mf_w.l(dfixi.o)
    0x0800ebe2   0x00000032   Code   RO          916    .text               mf_w.l(dfixui.o)
    0x0800ec14   0x00000026   Code   RO          918    .text               mf_w.l(f2d.o)
    0x0800ec3a   0x00000002   PAD
    0x0800ec3c   0x00000028   Code   RO          920    .text               mf_w.l(cdrcmple.o)
    0x0800ec64   0x00000038   Code   RO          922    .text               mf_w.l(d2f.o)
    0x0800ec9c   0x0000002c   Code   RO          938    .text               mc_w.l(uidiv.o)
    0x0800ecc8   0x00000062   Code   RO          940    .text               mc_w.l(uldiv.o)
    0x0800ed2a   0x0000001e   Code   RO          942    .text               mc_w.l(llshl.o)
    0x0800ed48   0x00000020   Code   RO          944    .text               mc_w.l(llushr.o)
    0x0800ed68   0x00000024   Code   RO          946    .text               mc_w.l(llsshr.o)
    0x0800ed8c   0x0000009c   Code   RO          961    .text               mc_w.l(strtod.o)
    0x0800ee28   0x00000000   Code   RO          963    .text               mc_w.l(iusefp.o)
    0x0800ee28   0x0000006e   Code   RO          964    .text               mf_w.l(fepilogue.o)
    0x0800ee96   0x000000b6   Code   RO          966    .text               mf_w.l(depilogue.o)
    0x0800ef4c   0x000000a2   Code   RO          968    .text               mf_w.l(dsqrt.o)
    0x0800efee   0x00000030   Code   RO          970    .text               mf_w.l(dfixul.o)
    0x0800f01e   0x00000002   PAD
    0x0800f020   0x00000024   Code   RO          974    .text               mc_w.l(init.o)
    0x0800f044   0x0000000a   Code   RO          976    .text               mc_w.l(isspace_c.o)
    0x0800f04e   0x00000002   PAD
    0x0800f050   0x00000338   Code   RO          978    .text               mc_w.l(scanf_fp.o)
    0x0800f388   0x00000040   Code   RO          982    .text               mc_w.l(_sgetc.o)
    0x0800f3c8   0x00000028   Code   RO          984    .text               mc_w.l(ctype_c.o)
    0x0800f3f0   0x00000018   Code   RO          987    .text               mf_w.l(dfltul.o)
    0x0800f408   0x00000056   Code   RO          997    .text               mc_w.l(__dczerorl2.o)
    0x0800f45e   0x00000002   PAD
    0x0800f460   0x00000020   Code   RO          844    i.__0printf         mc_w.l(printfa.o)
    0x0800f480   0x0000000e   Code   RO          991    i.__scatterload_copy  mc_w.l(handlers.o)
    0x0800f48e   0x00000002   Code   RO          992    i.__scatterload_null  mc_w.l(handlers.o)
    0x0800f490   0x0000000e   Code   RO          993    i.__scatterload_zeroinit  mc_w.l(handlers.o)
    0x0800f49e   0x00000002   PAD
    0x0800f4a0   0x0000000c   Code   RO          956    i.__set_errno       mc_w.l(errno.o)
    0x0800f4ac   0x00000164   Code   RO          851    i._fp_digits        mc_w.l(printfa.o)
    0x0800f610   0x0000000e   Code   RO          980    i._is_digit         mc_w.l(scanf_fp.o)
    0x0800f61e   0x00000002   PAD
    0x0800f620   0x000006dc   Code   RO          852    i._printf_core      mc_w.l(printfa.o)
    0x0800fcfc   0x00000024   Code   RO          853    i._printf_post_padding  mc_w.l(printfa.o)
    0x0800fd20   0x0000002e   Code   RO          854    i._printf_pre_padding  mc_w.l(printfa.o)
    0x0800fd4e   0x00000002   PAD
    0x0800fd50   0x0000006c   Code   RO          873    i.malloc            mc_w.l(malloc.o)
    0x0800fdbc   0x0000004c   Code   RO          587    i.sqrt              m_ws.l(sqrt.o)
    0x0800fe08   0x0000001c   Code   RO          595    i.strtod            m_ws.l(strtod.o)
    0x0800fe24   0x000017c0   Data   RO          189    .constdata          lcd.o
    0x080115e4   0x0000002c   Data   RO          443    .constdata          ff.o
    0x08011610   0x00000013   Data   RO          540    .constdata          interpolation.o
    0x08011623   0x00000001   PAD
    0x08011624   0x00000010   Data   RO          567    .constdata          driverinterface.o
    0x08011634   0x00000040   Data   RO          985    .constdata          mc_w.l(ctype_c.o)
    0x08011674   0x00000090   Data   RO            3    .conststring        main.o
    0x08011704   0x00000064   Data   RO          468    .conststring        exfuns.o
    0x08011768   0x00000020   Data   RO          989    Region$$Table       anon$$obj.o


    Execution Region RW_IRAM1 (Base: 0x20000000, Size: 0x000014a8, Max: 0x00005000, ABSOLUTE, COMPRESSED[0x00000090])

    Base Addr    Size         Type   Attr      Idx    E Section Name        Object

    0x20000000   0x0000001a   Data   RW            4    .data               main.o
    0x2000001a   0x00000002   PAD
    0x2000001c   0x00000014   Data   RW          158    .data               system_stm32f10x.o
    0x20000030   0x00000008   Data   RW          190    .data               lcd.o
    0x20000038   0x00000001   Data   RW          218    .data               key.o
    0x20000039   0x00000001   Data   RW          252    .data               mmc_sd.o
    0x2000003a   0x00000004   Data   RW          270    .data               delay.o
    0x2000003e   0x00000002   PAD
    0x20000040   0x00000006   Data   RW          297    .data               usart.o
    0x20000046   0x00000014   Data   RW          349    .data               stm32f10x_rcc.o
    0x2000005a   0x00000002   PAD
    0x2000005c   0x00000014   Data   RW          425    .data               malloc.o
    0x20000070   0x0000000a   Data   RW          444    .data               ff.o
    0x2000007a   0x00000002   PAD
    0x2000007c   0x00000154   Data   RW          469    .data               exfuns.o
    0x200001d0   0x00000002   Data   RW          521    .data               diskio.o
    0x200001d2   0x00000002   PAD
    0x200001d4   0x00000008   Data   RW          541    .data               interpolation.o
    0x200001dc   0x00000008   Data   RW          568    .data               driverinterface.o
    0x200001e4   0x00000004   Data   RW          952    .data               mc_w.l(mvars.o)
    0x200001e8   0x00000004   Data   RW          953    .data               mc_w.l(mvars.o)
    0x200001ec   0x00000004   Data   RW          957    .data               mc_w.l(errno.o)
    0x200001f0   0x00000758   Zero   RW            2    .bss                main.o
    0x20000948   0x0000000e   Zero   RW          188    .bss                lcd.o
    0x20000956   0x00000012   Zero   RW          234    .bss                spi.o
    0x20000968   0x000000c8   Zero   RW          296    .bss                usart.o
    0x20000a30   0x00000440   Zero   RW          423    .bss                malloc.o
    0x20000e70   0x00000034   Zero   RW          467    .bss                exfuns.o
    0x20000ea4   0x00000004   PAD
    0x20000ea8   0x00000200   Zero   RW          330    HEAP                startup_stm32f10x_md.o
    0x200010a8   0x00000400   Zero   RW          329    STACK               startup_stm32f10x_md.o


==============================================================================

Image component sizes


      Code (inc. data)   RO Data    RW Data    ZI Data      Debug   Object Name

         0          0          0          0          0         32   core_cm3.o
       212         18          0          4          0        999   delay.o
       432          8          0          2          0       3302   diskio.o
      2588        258         16          8          0       4791   driverinterface.o
       408         20        100        340         52       2580   exfuns.o
      1844        698          0          0          0       6223   fattester.o
     11150        124         44         10          0      33050   ff.o
      4916         52         19          8          0       6056   interpolation.o
       204         16          0          1          0        800   key.o
     22948        212       6080          8         14      24197   lcd.o
       112         14          0          0          0        507   led.o
      3572       1192        144         26       1880     268437   main.o
       404          6          0         20       1088       3945   malloc.o
       220         22          0          0          0       1785   misc.o
      1344         38          0          1          0       5654   mmc_sd.o
       224         12          0          0         18       1253   spi.o
        36          8        236          0       1536        788   startup_stm32f10x_md.o
       284         10          0          0          0       2215   stm32f10x_exti.o
       860         38          0          0          0       5629   stm32f10x_gpio.o
        26          0          0          0          0       1174   stm32f10x_it.o
       932         36          0         20          0       8792   stm32f10x_rcc.o
       780         14          0          0          0       6510   stm32f10x_spi.o
      3610         88          0          0          0      22112   stm32f10x_tim.o
      1032         22          0          0          0       8356   stm32f10x_usart.o
        12          0          0          0          0        445   sys.o
       480         38          0         20          0       1719   system_stm32f10x.o
       328         18          0          6        200       3134   usart.o

    ----------------------------------------------------------------------
     58964       2962       6672        484       4792     424485   Object Totals
         0          0         32          0          0          0   (incl. Generated)
         6          0          1         10          4          0   (incl. Padding)

    ----------------------------------------------------------------------

      Code (inc. data)   RO Data    RW Data    ZI Data      Debug   Library Member Name

        76          0          0          0          0         84   sqrt.o
        28          0          0          0          0         80   strtod.o
        86          0          0          0          0          0   __dczerorl2.o
        64          0          0          0          0         84   _sgetc.o
        40          6         64          0          0         68   ctype_c.o
         0          0          0          0          0          0   entry.o
         0          0          0          0          0          0   entry10a.o
         0          0          0          0          0          0   entry11a.o
         8          4          0          0          0          0   entry2.o
         4          0          0          0          0          0   entry5.o
         0          0          0          0          0          0   entry7b.o
         0          0          0          0          0          0   entry8b.o
         8          4          0          0          0          0   entry9a.o
        12          6          0          4          0         68   errno.o
        30          0          0          0          0          0   handlers.o
        36          8          0          0          0         68   init.o
        10          0          0          0          0         68   isspace_c.o
         0          0          0          0          0          0   iusefp.o
        30          0          0          0          0         68   llshl.o
        36          0          0          0          0         68   llsshr.o
        32          0          0          0          0         68   llushr.o
       108         16          0          0          0         84   malloc.o
        36          0          0          0          0        108   memseta.o
         0          0          0          8          0          0   mvars.o
      2226         90          0          0          0        444   printfa.o
       838         12          0          0          0        216   scanf_fp.o
        24          0          0          0          0         68   strcat.o
        20          0          0          0          0         68   strchr.o
        28          0          0          0          0         76   strcmp.o
        18          0          0          0          0         68   strcpy.o
       156         14          0          0          0        120   strtod.o
        44          0          0          0          0         80   uidiv.o
        98          0          0          0          0         92   uldiv.o
        40          2          0          0          0         68   cdrcmple.o
        56          0          0          0          0         88   d2f.o
       334          0          0          0          0        148   dadd.o
       222          0          0          0          0        100   ddiv.o
       182          0          0          0          0        176   depilogue.o
        62          0          0          0          0         80   dfixi.o
        50          0          0          0          0         76   dfixui.o
        48          0          0          0          0         68   dfixul.o
        34          0          0          0          0         76   dflti.o
        24          0          0          0          0         76   dfltul.o
       228          0          0          0          0         96   dmul.o
       162          0          0          0          0        100   dsqrt.o
        38          0          0          0          0         68   f2d.o
       110          0          0          0          0        168   fepilogue.o
        50          0          0          0          0         68   ffixi.o
        10          0          0          0          0         68   ffltui.o
       100          0          0          0          0         76   fmul.o

    ----------------------------------------------------------------------
      5860        162         64         12          0       3748   Library Totals
        14          0          0          0          0          0   (incl. Padding)

    ----------------------------------------------------------------------

      Code (inc. data)   RO Data    RW Data    ZI Data      Debug   Library Name

       104          0          0          0          0        164   m_ws.l
      3992        160         64         12          0       1984   mc_w.l
      1750          2          0          0          0       1600   mf_w.l

    ----------------------------------------------------------------------
      5860        162         64         12          0       3748   Library Totals

    ----------------------------------------------------------------------

==============================================================================


      Code (inc. data)   RO Data    RW Data    ZI Data      Debug   

     64824       3124       6736        496       4792     424253   Grand Totals
     64824       3124       6736        144       4792     424253   ELF Image Totals (compressed)
     64824       3124       6736        144          0          0   ROM Totals

==============================================================================

    Total RO  Size (Code + RO Data)                71560 (  69.88kB)
    Total RW  Size (RW Data + ZI Data)              5288 (   5.16kB)
    Total ROM Size (Code + RO Data + RW Data)      71704 (  70.02kB)

==============================================================================

