<html>
<body>
<pre>
<h1>礦ision Build Log</h1>
<h2>Project:</h2>
D:\我的文件\My_STM32_Project\项目代码\STM32 NC工程 放大比 20150713\USER\STM32_NC.uvproj
Project File Date:  07/14/2015

<h2>Output:</h2>
Build target 'Target 1'
linking...
Program Size: Code=64824 RO-data=6736 RW-data=496 ZI-data=4792  
FromELF: creating hex file...
"..\OBJ\STM32 NC.axf" - 0 Error(s), 0 Warning(s).
</pre>
</body>
</html>
"..\\OBJ\\STM32 NC.axf" 
Set JLink Project File to "D:\我的文件\My_STM32_Project\项目代码\STM32 NC工程 放大比 20150713\USER\JLinkSettings.ini"
* JLink Info: Device "STM32F103RB" selected (128 KB flash, 20 KB RAM).
 
JLink info:
------------
DLL: V4.80g, compiled Feb 13 2014 20:50:02
Firmware: J-Link ARM V8 compiled Nov 25 2013 19:20:08
Hardware: V8.00
S/N : 289588358 
Feature(s) : RDI,FlashDL,FlashBP,JFlash,GDBFULL 
 
* JLink Info: Could not measure total IR len. TDO is constant high.
* JLink Info: STM32F1xxx: Can not attach to CPU. Trying connect under reset.
* JLink Info: TotalIRLen = 9, IRPrint = 0x0011
* JLink Info: TotalIRLen = 9, IRPrint = 0x0011
* JLink Info: Found Cortex-M3 r1p1, Little endian.
* JLink Info: FPUnit: 6 code (BP) slots and 2 literal slots
* JLink Info: TPIU fitted.
ROMTableAddr = 0xE00FF003
 
Target info:
------------
Device: STM32F103RB
VTarget = 3.183V
State of Pins: 
TCK: 1, TDI: 0, TDO: 1, TMS: 0, TRES: 1, TRST: 1
Hardware-Breakpoints: 6
Software-Breakpoints: 8192
Watchpoints:          4
JTAG speed: 2000 kHz
 
Erase Done.
Programming Done.
Verify OK.
Application running ...
***JLink Error: Bad JTAG communication: Write to IR: Expected 0x1, got 0xF (TAP Command : 10) @ Off 0x5.

 Off 0x5.
patible with "void LCD_ShowNum(u16, u16, u32, u8, u8)" (declared at line 187 of "..\HARDWARE\LCD\lcd.h")
        LCD_ShowNum(Temp_X+8*15, Temp_Y+16,(pNC_Para->coor_originValue[1]*k0[1]),5,16);
..\CNCCODE\driverInterface.c(327): error:  #757: variable "Temp_X" is not a type name
                LCD_ShowNum(Temp_X+8*4, Temp_Y+16*2,(pNC_Para->coor_destinationValue[0]*ke[0]),5,16);
..\CNCCODE\driverInterface.c(327): error:  #18: expected a ")"
                LCD_ShowNum(Temp_X+8*4, Temp_Y+16*2,(pNC_Para->coor_destinationValue[0]*ke[0]),5,16);
..\CNCCODE\driverInterface.c(327): warning:  #77-D: this declaration has no storage class or type specifier
                LCD_ShowNum(Temp_X+8*4, Temp_Y+16*2,(pNC_Para->coor_destinationValue[0]*ke[0]),5,16);
..\CNCCODE\driverInterface.c(328): error:  #757: variable "Temp_X" is not a type name
        LCD_ShowNum(Temp_X+8*15, Temp_Y+16*2,(pNC_Para->coor_destinationValue[1]*ke[1]),5,16);
..\CNCCODE\driverInterface.c(328): error:  #18: expected a ")"
        LCD_ShowNum(Temp_X+8*15, Temp_Y+16*2,(pNC_Para->coor_destinationValue[1]*ke[1]),5,16);
..\CNCCODE\driverInterface.c(328): warning:  #77-D: this declaration has no storage class or type specifier
        LCD_ShowNum(Temp_X+8*15, Temp_Y+16*2,(pNC_Para->coor_destinationValue[1]*ke[1]),5,16);
..\CNCCODE\driverInterface.c(330): error:  #757: variable "Temp_X" is not a type name
         LCD_ShowNum(Temp_X+8*3, Temp_Y+16*3,1,3,16);
..\CNCCODE\driverInterface.c(330): error:  #18: expected a ")"
         LCD_ShowNum(Temp_X+8*3, Temp_Y+16*3,1,3,16);
..\CNCCODE\driverInterface.c(330): warning:  #77-D: this declaration has no storage class or type specifier
         LCD_ShowNum(Temp_X+8*3, Temp_Y+16*3,1,3,16);
..\CNCCODE\driverInterface.c(331): error:  #757: variable "Temp_X" is not a type name
        LCD_ShowNum(Temp_X+8*14, Temp_Y+16*3,pNC_Para->steps,6,16);
..\CNCCODE\driverInterface.c(331): error:  #18: expected a ")"
        LCD_ShowNum(Temp_X+8*14, Temp_Y+16*3,pNC_Para->steps,6,16);
..\CNCCODE\driverInterface.c(331): warning:  #77-D: this declaration has no storage class or type specifier
        LCD_ShowNum(Temp_X+8*14, Temp_Y+16*3,pNC_Para->steps,6,16);
..\CNCCODE\driverInterface.c(333): error:  #169: expected a declaration
        }
..\CNCCODE\driverInterface.c(358): warning:  #12-D: parsing restarts here after previous syntax error
        LCD_DrawLine(lcddev.width/2, INTERVAL*2, lcddev.width/2, lcddev.width-INTERVAL*2);
..\CNCCODE\driverInterface.c(360): error:  #757: variable "lcddev" is not a type name
        LCD_DrawLine(lcddev.width/2, INTERVAL*2,lcddev.width/2-INTERVAL*0.6, INTERVAL*2+INTERVAL*2);
..\CNCCODE\driverInterface.c(360): error:  #18: expected a ")"
        LCD_DrawLine(lcddev.width/2, INTERVAL*2,lcddev.width/2-INTERVAL*0.6, INTERVAL*2+INTERVAL*2);
..\CNCCODE\driverInterface.c(360): warning:  #77-D: this declaration has no storage class or type specifier
        LCD_DrawLine(lcddev.width/2, INTERVAL*2,lcddev.width/2-INTERVAL*0.6, INTERVAL*2+INTERVAL*2);
..\CNCCODE\driverInterface.c(360): error:  #147: declaration is incompatible with "void LCD_DrawLine(u16, u16, u16, u16)" (declared at line 182 of "..\HARDWARE\LCD\lcd.h")
        LCD_DrawLine(lcddev.width/2, INTERVAL*2,lcddev.width/2-INTERVAL*0.6, INTERVAL*2+INTERVAL*2);
..\CNCCODE\driverInterface.c(361): error:  #757: variable "lcddev" is not a type name
        LCD_DrawLine(lcddev.width/2, INTERVAL*2,lcddev.width/2+INTERVAL*0.6, INTERVAL*2+INTERVAL*2);
..\CNCCODE\driverInterface.c(361): error:  #18: expected a ")"
        LCD_DrawLine(lcddev.width/2, INTERVAL*2,lcddev.width/2+INTERVAL*0.6, INTERVAL*2+INTERVAL*2);
..\CNCCODE\driverInterface.c(361): warning:  #77-D: this declaration has no storage class or type specifier
        LCD_DrawLine(lcddev.width/2, INTERVAL*2,lcddev.width/2+INTERVAL*0.6, INTERVAL*2+INTERVAL*2);
..\CNCCODE\driverInterface.c(363): error:  #77-D: this declaration has no storage class or type specifier
        POINT_COLOR=POINT_COLOR_LAST;//恢复画笔颜色
..\CNCCODE\driverInterface.c(363): error:  #147: declaration is incompatible with "u16 POINT_COLOR" (declared at line 80 of "..\HARDWARE\LCD\lcd.h")
        POINT_COLOR=POINT_COLOR_LAST;//恢复画笔颜色
..\CNCCODE\driverInterface.c(363): error:  #28: expression must have a constant value
        POINT_COLOR=POINT_COLOR_LAST;//恢复画笔颜色
..\CNCCODE\driverInterface.c(366): error:  #77-D: this declaration has no storage class or type specifier
        Temp_X=INTERVAL+3;
..\CNCCODE\driverInterface.c(366): error:  #147: declaration is incompatible with "u16 Temp_X" (declared at line 49)
        Temp_X=INTERVAL+3;
..\CNCCODE\driverInterface.c(367): error:  #77-D: this declaration has no storage class or type specifier
        Temp_Y=lcddev.width+3;
..\CNCCODE\driverInterface.c(367): error:  #147: declaration is incompatible with "u16 Temp_Y" (declared at line 49)
        Temp_Y=lcddev.width+3;
..\CNCCODE\driverInterface.c(367): error:  #28: expression must have a constant value
        Temp_Y=lcddev.width+3;
..\CNCCODE\driverInterface.c(368): error:  #40: expected an identifier
        LCD_ShowString(Temp_X, Temp_Y,8*9,16,16,"X :");
..\CNCCODE\driverInterface.c(368): error:  #40: expected an identifier
        LCD_ShowString(Temp_X, Temp_Y,8*9,16,16,"X :");
..\CNCCODE\driverInterface.c: 11 warnings, 30 errors
"..\OBJ\STM32 NC.axf" - 30 Error(s), 11 Warning(s).
Target not created

