<html>
<body>
<pre>
<h1>µVision Build Log</h1>
<h2>Project:</h2>
E:\Android\zhe\workspace_github\STM32-NC\STM32_NC\USER\STM32_NC.uvproj
Project File Date:  01/07/2016

<h2>Output:</h2>
Build target 'Target 1'
compiling sys.c...
linking...
Program Size: Code=64824 RO-data=6736 RW-data=496 ZI-data=4792  
FromELF: creating hex file...
"..\OBJ\STM32 NC.axf" - 0 Error(s), 0 Warning(s).
</pre>
</body>
</html>
, 1 error
"..\OBJ\STM32 NC.axf" - 1 Error(s), 0 Warning(s).
Target not created

tup_stm32f10x_md.s...
compiling stm32f10x_gpio.c...
compiling stm32f10x_rcc.c...
compiling stm32f10x_usart.c...
compiling misc.c...
compiling stm32f10x_spi.c...
compiling stm32f10x_tim.c...
compiling stm32f10x_exti.c...
compiling malloc.c...
compiling ff.c...
compiling exfuns.c...
compiling fattester.c...
compiling diskio.c...
compiling interpolation.c...
compiling driverInterface.c...
linking...
Program Size: Code=64824 RO-data=6736 RW-data=496 ZI-data=4792  
FromELF: creating hex file...
"..\OBJ\STM32 NC.axf" - 0 Error(s), 0 Warning(s).
