<html>
<body>
<pre>
<h1>礦ision Build Log</h1>
<h2>Project:</h2>
D:\STM32F4文件\02_工程代码\STM32-NC\STM32_NC_F4\USER\FATFS.uvproj
Project File Date:  01/16/2016

<h2>Output:</h2>
Build target 'FATFS'
compiling main.c...
compiling NCSupport.c...
linking...
Program Size: Code=87274 RO-data=183562 RW-data=668 ZI-data=1225316  
FromELF: creating hex file...
"..\OBJ\STM32_NC_F4.axf" - 0 Error(s), 0 Warning(s).
Load "..\\OBJ\\STM32_NC_F4.axf" 
Set JLink Project File to "D:\STM32F4文件\02_工程代码\STM32-NC\STM32_NC_F4\USER\JLinkSettings.ini"
* JLink Info: Device "STM32F407ZE" selected (512 KB flash, 128 KB RAM).
 
JLink info:
------------
DLL: V4.80g, compiled Feb 13 2014 20:50:02
Firmware: J-Link ARM V8 compiled Nov 25 2013 19:20:08
Hardware: V8.00
S/N : 289588358 
Feature(s) : RDI,FlashDL,FlashBP,JFlash,GDBFULL 
 
* JLink Info: TotalIRLen = 9, IRPrint = 0x0011
* JLink Info: TotalIRLen = 9, IRPrint = 0x0011
* JLink Info: Found Cortex-M4 r0p1, Little endian.
* JLink Info: FPUnit: 6 code (BP) slots and 2 literal slots
* JLink Info: TPIU fitted.
* JLink Info: ETM fitted.
ROMTableAddr = 0xE00FF003
 
Target info:
------------
Device: STM32F407ZE
VTarget = 3.248V
State of Pins: 
TCK: 1, TDI: 0, TDO: 1, TMS: 0, TRES: 1, TRST: 1
Hardware-Breakpoints: 6
Software-Breakpoints: 8192
Watchpoints:          4
JTAG speed: 2000 kHz
 
Erase Done.
Programming Done.
Verify OK.
Application running ...
</pre>
</body>
</html>
         4
JTAG speed: 2000 kHz
 
Erase Done.
Programming Done.
Verify OK.
Application running ...
nk info:
------------
DLL: V4.80g, compiled Feb 13 2014 20:50:02
Firmware: J-Link ARM V8 compiled Nov 25 2013 19:20:08
Hardware: V8.00
S/N : 289588358 
Feature(s) : RDI,FlashDL,FlashBP,JFlash,GDBFULL 
 
* JLink Info: TotalIRLen = 9, IRPrint = 0x0011
* JLink Info: TotalIRLen = 9, IRPrint = 0x0011
* JLink Info: Found Cortex-M4 r0p1, Little endian.
* JLink Info: FPUnit: 6 code (BP) slots and 2 literal slots
* JLink Info: TPIU fitted.
* JLink Info: ETM fitted.
ROMTableAddr = 0xE00FF003
 
Target info:
------------
Device: STM32F407ZE
VTarget = 3.248V
State of Pins: 
TCK: 1, TDI: 0, TDO: 1, TMS: 0, TRES: 1, TRST: 1
Hardware-Breakpoints: 6
Software-Breakpoints: 8192
Watchpoints:          4
JTAG speed: 2000 kHz
 
Erase Done.
Programming Done.
Verify OK.
Application running ...
itted.
* JLink Info: ETM fitted.
ROMTableAddr = 0xE00FF003
 
Target info:
------------
Device: STM32F407ZE
VTarget = 3.254V
State of Pins: 
TCK: 1, TDI: 0, TDO: 1, TMS: 0, TRES: 1, TRST: 1
Hardware-Breakpoints: 6
Software-Breakpoints: 8192
Watchpoints:          4
JTAG speed: 2000 kHz
 
Erase Done.
Programming Done.
Verify OK.
Application running ...
Feature(s) : RDI,FlashDL,FlashBP,JFlash,GDBFULL 
 
* JLink Info: TotalIRLen = 9, IRPrint = 0x0011
* JLink Info: TotalIRLen = 9, IRPrint = 0x0011
* JLink Info: Found Cortex-M4 r0p1, Little endian.
* JLink Info: FPUnit: 6 code (BP) slots and 2 literal slots
* JLink Info: TPIU fitted.
* JLink Info: ETM fitted.
ROMTableAddr = 0xE00FF003
 
Target info:
------------
Device: STM32F407ZE
VTarget = 3.241V
State of Pins: 
TCK: 1, TDI: 0, TDO: 1, TMS: 0, TRES: 1, TRST: 1
Hardware-Breakpoints: 6
Software-Breakpoints: 8192
Watchpoints:          4
JTAG speed: 2000 kHz
 
Erase Done.
Programming Done.
Verify OK.
Application running ...
not read register 42 (FPS9) while CPU is running
***JLink Error: Can not read register 43 (FPS10) while CPU is running
***JLink Error: Can not read register 44 (FPS11) while CPU is running
***JLink Error: Can not read register 45 (FPS12) while CPU is running
***JLink Error: Can not read register 46 (FPS13) while CPU is running
***JLink Error: Can not read register 47 (FPS14) while CPU is running
***JLink Error: Can not read register 48 (FPS15) while CPU is running
***JLink Error: Can not read register 49 (FPS16) while CPU is running
***JLink Error: Can not read register 50 (FPS17) while CPU is running
***JLink Error: Can not read register 51 (FPS18) while CPU is running
***JLink Error: Can not read register 52 (FPS19) while CPU is running
***JLink Error: Can not read register 53 (FPS20) while CPU is running
***JLink Error: Can not read register 64 (FPS31) while CPU is running
***JLink Error: Can not read register 40 (FPS7) while CPU is running
***JLink Error: Can not read register 41 (FPS8) while CPU is running
***JLink Error: Can not read register 42 (FPS9) while CPU is running
***JLink Error: Can not read register 43 (FPS10) while CPU is running
***JLink Error: Can not read register 44 (FPS11) while CPU is running
***JLink Error: Can not read register 45 (FPS12) while CPU is running
***JLink Error: Can not read register 46 (FPS13) while CPU is running
***JLink Error: Can not read register 47 (FPS14) while CPU is running
Erase Done.
Programming Done.
Verify OK.
Application running ...
r multiply defined (by getalinecodefromsdtxt.o and main.o).
..\OBJ\STM32_NC_F4.axf: Error: L6200E: Symbol f_closedir multiply defined (by ff.o and main.o).
..\OBJ\STM32_NC_F4.axf: Error: L6200E: Symbol f_closedir multiply defined (by ncsupport.o and main.o).
..\OBJ\STM32_NC_F4.axf: Error: L6200E: Symbol f_closedir multiply defined (by getalinecodefromsdtxt.o and main.o).
..\OBJ\STM32_NC_F4.axf: Error: L6200E: Symbol f_readdir multiply defined (by ff.o and main.o).
..\OBJ\STM32_NC_F4.axf: Error: L6200E: Symbol f_readdir multiply defined (by ncsupport.o and main.o).
..\OBJ\STM32_NC_F4.axf: Error: L6200E: Symbol f_readdir multiply defined (by getalinecodefromsdtxt.o and main.o).
..\OBJ\STM32_NC_F4.axf: Error: L6200E: Symbol f_stat multiply defined (by ff.o and main.o).
..\OBJ\STM32_NC_F4.axf: Error: L6200E: Symbol f_stat multiply defined (by ncsupport.o and main.o).
..\OBJ\STM32_NC_F4.axf: Error: L6200E: Symbol f_stat multiply defined (by getalinecodefromsdtxt.o and main.o).
..\OBJ\STM32_NC_F4.axf: Error: L6200E: Symbol f_getfree multiply defined (by ff.o and main.o).
..\OBJ\STM32_NC_F4.axf: Error: L6200E: Symbol f_getfree multiply defined (by ncsupport.o and main.o).
..\OBJ\STM32_NC_F4.axf: Error: L6200E: Symbol f_getfree multiply defined (by getalinecodefromsdtxt.o and main.o).
..\OBJ\STM32_NC_F4.axf: Error: L6200E: Symbol f_truncate multiply defined (by ff.o and main.o).
..\OBJ\STM32_NC_F4.axf: Error: L6200E: Symbol f_truncate multiply defined (by ncsupport.o and main.o).
..\OBJ\STM32_NC_F4.axf: Error: L6200E: Symbol f_truncate multiply defined (by getalinecodefromsdtxt.o and main.o).
..\OBJ\STM32_NC_F4.axf: Error: L6200E: Symbol f_unlink multiply defined (by ff.o and main.o).
..\OBJ\STM32_NC_F4.axf: Error: L6200E: Symbol f_unlink multiply defined (by ncsupport.o and main.o).
..\OBJ\STM32_NC_F4.axf: Error: L6200E: Symbol f_unlink multiply defined (by getalinecodefromsdtxt.o and main.o).
..\OBJ\STM32_NC_F4.axf: Error: L6200E: Symbol f_mkdir multiply defined (by ff.o and main.o).
..\OBJ\STM32_NC_F4.axf: Error: L6200E: Symbol f_mkdir multiply defined (by ncsupport.o and main.o).
..\OBJ\STM32_NC_F4.axf: Error: L6200E: Symbol f_mkdir multiply defined (by getalinecodefromsdtxt.o and main.o).
..\OBJ\STM32_NC_F4.axf: Error: L6200E: Symbol f_chmod multiply defined (by ff.o and main.o).
..\OBJ\STM32_NC_F4.axf: Error: L6200E: Symbol f_chmod multiply defined (by ncsupport.o and main.o).
..\OBJ\STM32_NC_F4.axf: Error: L6200E: Symbol f_chmod multiply defined (by getalinecodefromsdtxt.o and main.o).
..\OBJ\STM32_NC_F4.axf: Error: L6200E: Symbol f_utime multiply defined (by ff.o and main.o).
..\OBJ\STM32_NC_F4.axf: Error: L6200E: Symbol f_utime multiply defined (by ncsupport.o and main.o).
..\OBJ\STM32_NC_F4.axf: Error: L6200E: Symbol f_utime multiply defined (by getalinecodefromsdtxt.o and main.o).
..\OBJ\STM32_NC_F4.axf: Error: L6200E: Symbol f_rename multiply defined (by ff.o and main.o).
..\OBJ\STM32_NC_F4.axf: Error: L6200E: Symbol f_rename multiply defined (by ncsupport.o and main.o).
..\OBJ\STM32_NC_F4.axf: Error: L6200E: Symbol f_rename multiply defined (by getalinecodefromsdtxt.o and main.o).
..\OBJ\STM32_NC_F4.axf: Error: L6200E: Symbol f_getlabel multiply defined (by ff.o and main.o).
..\OBJ\STM32_NC_F4.axf: Error: L6200E: Symbol f_getlabel multiply defined (by ncsupport.o and main.o).
..\OBJ\STM32_NC_F4.axf: Error: L6200E: Symbol f_getlabel multiply defined (by getalinecodefromsdtxt.o and main.o).
..\OBJ\STM32_NC_F4.axf: Error: L6200E: Symbol f_setlabel multiply defined (by ff.o and main.o).
..\OBJ\STM32_NC_F4.axf: Error: L6200E: Symbol f_setlabel multiply defined (by ncsupport.o and main.o).
..\OBJ\STM32_NC_F4.axf: Error: L6200E: Symbol f_setlabel multiply defined (by getalinecodefromsdtxt.o and main.o).
..\OBJ\STM32_NC_F4.axf: Error: L6200E: Symbol f_mkfs multiply defined (by ff.o and main.o).
..\OBJ\STM32_NC_F4.axf: Error: L6200E: Symbol f_mkfs multiply defined (by ncsupport.o and main.o).
..\OBJ\STM32_NC_F4.axf: Error: L6200E: Symbol f_mkfs multiply defined (by getalinecodefromsdtxt.o and main.o).
..\OBJ\STM32_NC_F4.axf: Error: L6200E: Symbol f_gets multiply defined (by ff.o and main.o).
..\OBJ\STM32_NC_F4.axf: Error: L6200E: Symbol f_gets multiply defined (by ncsupport.o and main.o).
..\OBJ\STM32_NC_F4.axf: Error: L6200E: Symbol f_gets multiply defined (by getalinecodefromsdtxt.o and main.o).
..\OBJ\STM32_NC_F4.axf: Error: L6200E: Symbol f_putc multiply defined (by ff.o and main.o).
..\OBJ\STM32_NC_F4.axf: Error: L6200E: Symbol f_putc multiply defined (by ncsupport.o and main.o).
..\OBJ\STM32_NC_F4.axf: Error: L6200E: Symbol f_putc multiply defined (by getalinecodefromsdtxt.o and main.o).
..\OBJ\STM32_NC_F4.axf: Error: L6200E: Symbol f_puts multiply defined (by ff.o and main.o).
..\OBJ\STM32_NC_F4.axf: Error: L6200E: Symbol f_puts multiply defined (by ncsupport.o and main.o).
..\OBJ\STM32_NC_F4.axf: Error: L6200E: Symbol f_puts multiply defined (by getalinecodefromsdtxt.o and main.o).
..\OBJ\STM32_NC_F4.axf: Error: L6200E: Symbol f_printf multiply defined (by ff.o and main.o).
..\OBJ\STM32_NC_F4.axf: Error: L6200E: Symbol f_printf multiply defined (by ncsupport.o and main.o).
..\OBJ\STM32_NC_F4.axf: Error: L6200E: Symbol f_printf multiply defined (by getalinecodefromsdtxt.o and main.o).
Not enough information to list image symbols.
Not enough information to list the image map.
Finished: 2 information, 0 warning and 89 error messages.
"..\OBJ\STM32_NC_F4.axf" - 89 Error(s), 5 Warning(s).
Target not created
